Archive member included to satisfy reference by file (symbol)

d:/rasberry pi pico/gcc-arm-none-eabi/bin/../lib/gcc/arm-none-eabi/10.3.1/thumb/v6-m/nofp\libgcc.a(_dvmd_tls.o)
                              CMakeFiles/my_DE2_Project.dir/D_/Rasberry_pi_pico/pico-sdk/src/rp2_common/pico_divider/divider.S.obj (__aeabi_idiv0)
d:/rasberry pi pico/gcc-arm-none-eabi/bin/../lib/gcc/arm-none-eabi/10.3.1/../../../../arm-none-eabi/lib/thumb/v6-m/nofp\libg.a(lib_a-calloc.o)
                              CMakeFiles/my_DE2_Project.dir/D_/Rasberry_pi_pico/pico-sdk/src/rp2_common/pico_malloc/pico_malloc.c.obj (calloc)
d:/rasberry pi pico/gcc-arm-none-eabi/bin/../lib/gcc/arm-none-eabi/10.3.1/../../../../arm-none-eabi/lib/thumb/v6-m/nofp\libg.a(lib_a-callocr.o)
                              d:/rasberry pi pico/gcc-arm-none-eabi/bin/../lib/gcc/arm-none-eabi/10.3.1/../../../../arm-none-eabi/lib/thumb/v6-m/nofp\libg.a(lib_a-calloc.o) (_calloc_r)
d:/rasberry pi pico/gcc-arm-none-eabi/bin/../lib/gcc/arm-none-eabi/10.3.1/../../../../arm-none-eabi/lib/thumb/v6-m/nofp\libg.a(lib_a-errno.o)
                              d:/rasberry pi pico/gcc-arm-none-eabi/bin/../lib/gcc/arm-none-eabi/10.3.1/../../../../arm-none-eabi/lib/thumb/v6-m/nofp\libg.a(lib_a-callocr.o) (__errno)
d:/rasberry pi pico/gcc-arm-none-eabi/bin/../lib/gcc/arm-none-eabi/10.3.1/../../../../arm-none-eabi/lib/thumb/v6-m/nofp\libg.a(lib_a-impure.o)
                              d:/rasberry pi pico/gcc-arm-none-eabi/bin/../lib/gcc/arm-none-eabi/10.3.1/../../../../arm-none-eabi/lib/thumb/v6-m/nofp\libg.a(lib_a-calloc.o) (_impure_ptr)
d:/rasberry pi pico/gcc-arm-none-eabi/bin/../lib/gcc/arm-none-eabi/10.3.1/../../../../arm-none-eabi/lib/thumb/v6-m/nofp\libg.a(lib_a-init.o)
                              d:/rasberry pi pico/gcc-arm-none-eabi/bin/../lib/gcc/arm-none-eabi/10.3.1/../../../../arm-none-eabi/lib/thumb/v6-m/nofp/crt0.o (__libc_init_array)
d:/rasberry pi pico/gcc-arm-none-eabi/bin/../lib/gcc/arm-none-eabi/10.3.1/../../../../arm-none-eabi/lib/thumb/v6-m/nofp\libg.a(lib_a-malloc.o)
                              CMakeFiles/my_DE2_Project.dir/D_/Rasberry_pi_pico/pico-sdk/src/rp2_common/pico_malloc/pico_malloc.c.obj (malloc)
d:/rasberry pi pico/gcc-arm-none-eabi/bin/../lib/gcc/arm-none-eabi/10.3.1/../../../../arm-none-eabi/lib/thumb/v6-m/nofp\libg.a(lib_a-mallocr.o)
                              d:/rasberry pi pico/gcc-arm-none-eabi/bin/../lib/gcc/arm-none-eabi/10.3.1/../../../../arm-none-eabi/lib/thumb/v6-m/nofp\libg.a(lib_a-callocr.o) (_malloc_r)
d:/rasberry pi pico/gcc-arm-none-eabi/bin/../lib/gcc/arm-none-eabi/10.3.1/../../../../arm-none-eabi/lib/thumb/v6-m/nofp\libg.a(lib_a-mlock.o)
                              d:/rasberry pi pico/gcc-arm-none-eabi/bin/../lib/gcc/arm-none-eabi/10.3.1/../../../../arm-none-eabi/lib/thumb/v6-m/nofp\libg.a(lib_a-mallocr.o) (__malloc_lock)
d:/rasberry pi pico/gcc-arm-none-eabi/bin/../lib/gcc/arm-none-eabi/10.3.1/../../../../arm-none-eabi/lib/thumb/v6-m/nofp\libg.a(lib_a-realloc.o)
                              CMakeFiles/my_DE2_Project.dir/D_/Rasberry_pi_pico/pico-sdk/src/rp2_common/pico_malloc/pico_malloc.c.obj (realloc)
d:/rasberry pi pico/gcc-arm-none-eabi/bin/../lib/gcc/arm-none-eabi/10.3.1/../../../../arm-none-eabi/lib/thumb/v6-m/nofp\libg.a(lib_a-reallocr.o)
                              d:/rasberry pi pico/gcc-arm-none-eabi/bin/../lib/gcc/arm-none-eabi/10.3.1/../../../../arm-none-eabi/lib/thumb/v6-m/nofp\libg.a(lib_a-realloc.o) (_realloc_r)
d:/rasberry pi pico/gcc-arm-none-eabi/bin/../lib/gcc/arm-none-eabi/10.3.1/../../../../arm-none-eabi/lib/thumb/v6-m/nofp\libg.a(lib_a-sbrkr.o)
                              d:/rasberry pi pico/gcc-arm-none-eabi/bin/../lib/gcc/arm-none-eabi/10.3.1/../../../../arm-none-eabi/lib/thumb/v6-m/nofp\libg.a(lib_a-mallocr.o) (_sbrk_r)
d:/rasberry pi pico/gcc-arm-none-eabi/bin/../lib/gcc/arm-none-eabi/10.3.1/../../../../arm-none-eabi/lib/thumb/v6-m/nofp\libg.a(lib_a-strlen-stub.o)
                              CMakeFiles/my_DE2_Project.dir/D_/Rasberry_pi_pico/pico-sdk/src/rp2_common/pico_stdio/stdio.c.obj (strlen)
d:/rasberry pi pico/gcc-arm-none-eabi/bin/../lib/gcc/arm-none-eabi/10.3.1/../../../../arm-none-eabi/lib/thumb/v6-m/nofp\libg.a(lib_a-freer.o)
                              d:/rasberry pi pico/gcc-arm-none-eabi/bin/../lib/gcc/arm-none-eabi/10.3.1/../../../../arm-none-eabi/lib/thumb/v6-m/nofp\libg.a(lib_a-malloc.o) (_free_r)
d:/rasberry pi pico/gcc-arm-none-eabi/bin/../lib/gcc/arm-none-eabi/10.3.1/../../../../arm-none-eabi/lib/thumb/v6-m/nofp\libg.a(lib_a-lock.o)
                              d:/rasberry pi pico/gcc-arm-none-eabi/bin/../lib/gcc/arm-none-eabi/10.3.1/../../../../arm-none-eabi/lib/thumb/v6-m/nofp\libg.a(lib_a-mlock.o) (__retarget_lock_acquire_recursive)
d:/rasberry pi pico/gcc-arm-none-eabi/bin/../lib/gcc/arm-none-eabi/10.3.1/../../../../arm-none-eabi/lib/thumb/v6-m/nofp\libg.a(lib_a-memmove.o)
[...]
Memory Configuration

Name             Origin             Length             Attributes
FLASH            0x10000000         0x00200000         xr
RAM              0x20000000         0x00040000         xrw
SCRATCH_X        0x20040000         0x00001000         xrw
SCRATCH_Y        0x20041000         0x00001000         xrw
*default*        0x00000000         0xffffffff

Linker script and memory map

LOAD d:/rasberry pi pico/gcc-arm-none-eabi/bin/../lib/gcc/arm-none-eabi/10.3.1/thumb/v6-m/nofp/crti.o
LOAD d:/rasberry pi pico/gcc-arm-none-eabi/bin/../lib/gcc/arm-none-eabi/10.3.1/thumb/v6-m/nofp/crtbegin.o
LOAD d:/rasberry pi pico/gcc-arm-none-eabi/bin/../lib/gcc/arm-none-eabi/10.3.1/../../../../arm-none-eabi/lib/thumb/v6-m/nofp/crt0.o

.flash_begin    0x10000000        0x0
                0x10000000                __flash_binary_start = .

.boot2          0x10000000      0x100
                0x10000000                __boot2_start__ = .
 *(.boot2)
 .boot2         0x10000000      0x100 C:\Users\danis\AppData\Local\Temp\ccWC6VPJ.o
                0x10000100                __boot2_end__ = .
                0x00000001                ASSERT (((__boot2_end__ - __boot2_start__) == 0x100), ERROR: Pico second stage bootloader must be 256 bytes in size)

.text           0x10000100     0x6b60
                0x10000100                __logical_binary_start = .
 *(.vectors)
 .vectors       0x10000100       0xd4 CMakeFiles/my_DE2_Project.dir/D_/Rasberry_pi_pico/pico-sdk/src/rp2_common/pico_standard_link/crt0.S.obj
                0x10000100                __VECTOR_TABLE
                0x10000100                __vectors
                0x100001c0                isr_invalid
                0x100001c0                __default_isrs_start
                0x100001c2                isr_nmi
                0x100001c4                isr_hardfault
                0x100001c6                isr_svcall
                0x100001c8                isr_pendsv
                0x100001ca                isr_systick
                0x100001cc                isr_irq23
                0x100001cc                isr_irq18
                0x100001cc                isr_irq11
                0x100001cc                isr_irq28
                0x100001cc                isr_irq19
                0x100001cc                isr_irq0
                0x100001cc                isr_irq6
                0x100001cc                isr_irq5
                0x100001cc                isr_irq12
                0x100001cc                isr_irq22
                0x100001cc                isr_irq31
                0x100001cc                isr_irq17
                0x100001cc                isr_irq27
                0x100001cc                isr_irq30
                0x100001cc                isr_irq2
                0x100001cc                isr_irq10
                0x100001cc                isr_irq8
                0x100001cc                isr_irq24
                0x100001cc                isr_irq1
                0x100001cc                isr_irq7
                0x100001cc                isr_irq21
                0x100001cc                isr_irq20
                0x100001cc                isr_irq15
                0x100001cc                isr_irq25
                0x100001cc                isr_irq13
                0x100001cc                __unhandled_user_irq
                0x100001cc                isr_irq4
                0x100001cc                isr_irq16
                0x100001cc                isr_irq29
                0x100001cc                isr_irq26
                0x100001cc                __default_isrs_end
                0x100001cc                isr_irq3
                0x100001cc                isr_irq14
                0x100001cc                isr_irq9
                0x100001d2                unhandled_user_irq_num_in_r0
 *(.binary_info_header)
 .binary_info_header
                0x100001d4       0x14 CMakeFiles/my_DE2_Project.dir/D_/Rasberry_pi_pico/pico-sdk/src/rp2_common/pico_standard_link/crt0.S.obj
                0x100001e8                __binary_info_header_end = .
 *(.reset)
 .reset         0x100001e8       0xa0 CMakeFiles/my_DE2_Project.dir/D_/Rasberry_pi_pico/pico-sdk/src/rp2_common/pico_standard_link/crt0.S.obj
                0x100001e8                _entry_point
 .reset         0x10000288       0x30 CMakeFiles/my_DE2_Project.dir/D_/Rasberry_pi_pico/pico-sdk/src/rp2_common/pico_standard_link/binary_info.c.obj
 *(.init)
 .init          0x100002b8        0x4 d:/rasberry pi pico/gcc-arm-none-eabi/bin/../lib/gcc/arm-none-eabi/10.3.1/thumb/v6-m/nofp/crti.o
                0x100002b8                _init
 *(EXCLUDE_FILE(*libm.a: *libc.a:*lib_a-mem*.o *libgcc.a:) .text*)
 .text          0x100002bc       0x48 d:/rasberry pi pico/gcc-arm-none-eabi/bin/../lib/gcc/arm-none-eabi/10.3.1/thumb/v6-m/nofp/crtbegin.o
 .text.main     0x10000304        0xe CMakeFiles/my_DE2_Project.dir/main.c.obj
                0x10000304                main
 .text          0x10000312        0xe CMakeFiles/my_DE2_Project.dir/main.s.obj
                0x10000312                mainasm
 .text          0x10000320       0x6c CMakeFiles/my_DE2_Project.dir/uart.s.obj
                0x10000344                uart_printMsgLED_asm
                0x10000374                uart_printValueAdc_asm
 .text          0x1000038c       0x4c CMakeFiles/my_DE2_Project.dir/adc.s.obj
                0x1000038c                adc_init_asm
                0x100003b2                requestDataAdc
 .text.running_on_fpga
                0x100003d8       0x14 CMakeFiles/my_DE2_Project.dir/D_/Rasberry_pi_pico/pico-sdk/src/rp2_common/pico_platform/platform.c.obj
                0x100003d8                running_on_fpga
 .text.hw_claim_lock
                0x100003ec       0x18 CMakeFiles/my_DE2_Project.dir/D_/Rasberry_pi_pico/pico-sdk/src/rp2_common/hardware_claim/claim.c.obj
                0x100003ec                hw_claim_lock
 .text.hw_claim_unlock
                0x10000404       0x14 CMakeFiles/my_DE2_Project.dir/D_/Rasberry_pi_pico/pico-sdk/src/rp2_common/hardware_claim/claim.c.obj
                0x10000404                hw_claim_unlock
 .text.hw_claim_or_assert
                0x10000418       0x32 CMakeFiles/my_DE2_Project.dir/D_/Rasberry_pi_pico/pico-sdk/src/rp2_common/hardware_claim/claim.c.obj
                0x10000418                hw_claim_or_assert
 .text.hw_claim_unused_from_range
                0x1000044a       0x50 CMakeFiles/my_DE2_Project.dir/D_/Rasberry_pi_pico/pico-sdk/src/rp2_common/hardware_claim/claim.c.obj
                0x1000044a                hw_claim_unused_from_range
 *fill*         0x1000049a        0x2 
 .text.spin_locks_reset
                0x1000049c       0x20 CMakeFiles/my_DE2_Project.dir/D_/Rasberry_pi_pico/pico-sdk/src/rp2_common/hardware_sync/sync.c.obj
                0x1000049c                spin_locks_reset
 .text.next_striped_spin_lock_num
                0x100004bc       0x1c CMakeFiles/my_DE2_Project.dir/D_/Rasberry_pi_pico/pico-sdk/src/rp2_common/hardware_sync/sync.c.obj
                0x100004bc                next_striped_spin_lock_num
 .text.spin_lock_claim_unused
                0x100004d8       0x20 CMakeFiles/my_DE2_Project.dir/D_/Rasberry_pi_pico/pico-sdk/src/rp2_common/hardware_sync/sync.c.obj
                0x100004d8                spin_lock_claim_unused
 .text.set_raw_irq_handler_and_unlock
                0x100004f8       0x28 CMakeFiles/my_DE2_Project.dir/D_/Rasberry_pi_pico/pico-sdk/src/rp2_common/hardware_irq/irq.c.obj
 .text.make_branch
                0x10000520       0x48 CMakeFiles/my_DE2_Project.dir/D_/Rasberry_pi_pico/pico-sdk/src/rp2_common/hardware_irq/irq.c.obj
 .text.insert_branch_and_link
                0x10000568       0x40 CMakeFiles/my_DE2_Project.dir/D_/Rasberry_pi_pico/pico-sdk/src/rp2_common/hardware_irq/irq.c.obj
 .text.irq_is_enabled
                0x100005a8       0x18 CMakeFiles/my_DE2_Project.dir/D_/Rasberry_pi_pico/pico-sdk/src/rp2_common/hardware_irq/irq.c.obj
                0x100005a8                irq_is_enabled
 .text.irq_set_mask_enabled
                0x100005c0       0x20 CMakeFiles/my_DE2_Project.dir/D_/Rasberry_pi_pico/pico-sdk/src/rp2_common/hardware_irq/irq.c.obj
                0x100005c0                irq_set_mask_enabled
 .text.irq_set_enabled
                0x100005e0        0xe CMakeFiles/my_DE2_Project.dir/D_/Rasberry_pi_pico/pico-sdk/src/rp2_common/hardware_irq/irq.c.obj
                0x100005e0                irq_set_enabled
 *fill*         0x100005ee        0x2 
 .text.irq_set_pending
                0x100005f0       0x10 CMakeFiles/my_DE2_Project.dir/D_/Rasberry_pi_pico/pico-sdk/src/rp2_common/hardware_irq/irq.c.obj
                0x100005f0                irq_set_pending
 .text.irq_get_vtable_handler
                0x10000600       0x10 CMakeFiles/my_DE2_Project.dir/D_/Rasberry_pi_pico/pico-sdk/src/rp2_common/hardware_irq/irq.c.obj
                0x10000600                irq_get_vtable_handler
 .text.irq_has_shared_handler
                0x10000610       0x24 CMakeFiles/my_DE2_Project.dir/D_/Rasberry_pi_pico/pico-sdk/src/rp2_common/hardware_irq/irq.c.obj
                0x10000610                irq_has_shared_handler
 .text.irq_set_exclusive_handler
                0x10000634       0x54 CMakeFiles/my_DE2_Project.dir/D_/Rasberry_pi_pico/pico-sdk/src/rp2_common/hardware_irq/irq.c.obj
                0x10000634                irq_set_exclusive_handler
 .text.irq_add_shared_handler
                0x10000688      0x234 CMakeFiles/my_DE2_Project.dir/D_/Rasberry_pi_pico/pico-sdk/src/rp2_common/hardware_irq/irq.c.obj
                0x10000688                irq_add_shared_handler
 .text.irq_remove_handler
                0x100008bc      0x1ac CMakeFiles/my_DE2_Project.dir/D_/Rasberry_pi_pico/pico-sdk/src/rp2_common/hardware_irq/irq.c.obj
                0x100008bc                irq_remove_handler
 .text.irq_add_tail_to_free_list
                0x10000a68       0xf0 CMakeFiles/my_DE2_Project.dir/D_/Rasberry_pi_pico/pico-sdk/src/rp2_common/hardware_irq/irq.c.obj
                0x10000a68                irq_add_tail_to_free_list
 .text.irq_init_priorities
                0x10000b58       0x1c CMakeFiles/my_DE2_Project.dir/D_/Rasberry_pi_pico/pico-sdk/src/rp2_common/hardware_irq/irq.c.obj
                0x10000b58                irq_init_priorities
 .text.user_irq_claim_unused
                0x10000b74       0x28 CMakeFiles/my_DE2_Project.dir/D_/Rasberry_pi_pico/pico-sdk/src/rp2_common/hardware_irq/irq.c.obj
                0x10000b74                user_irq_claim_unused
 .text.lock_init
                0x10000b9c       0x10 CMakeFiles/my_DE2_Project.dir/D_/Rasberry_pi_pico/pico-sdk/src/common/pico_sync/lock_core.c.obj
                0x10000b9c                lock_init
 .text.mutex_init
                0x10000bac       0x1a CMakeFiles/my_DE2_Project.dir/D_/Rasberry_pi_pico/pico-sdk/src/common/pico_sync/mutex.c.obj
                0x10000bac                mutex_init
 .text.recursive_mutex_init
                0x10000bc6       0x1e CMakeFiles/my_DE2_Project.dir/D_/Rasberry_pi_pico/pico-sdk/src/common/pico_sync/mutex.c.obj
                0x10000bc6                recursive_mutex_init
 .text.critical_section_init_with_lock_num
                0x10000be4       0x14 CMakeFiles/my_DE2_Project.dir/D_/Rasberry_pi_pico/pico-sdk/src/common/pico_sync/critical_section.c.obj
                0x10000be4                critical_section_init_with_lock_num
 .text.critical_section_init
                0x10000bf8       0x14 CMakeFiles/my_DE2_Project.dir/D_/Rasberry_pi_pico/pico-sdk/src/common/pico_sync/critical_section.c.obj
                0x10000bf8                critical_section_init
 .text.alarm_pool_post_alloc_init
                0x10000c0c       0x40 CMakeFiles/my_DE2_Project.dir/D_/Rasberry_pi_pico/pico-sdk/src/common/pico_time/time.c.obj
 .text.sleep_until_callback
                0x10000c4c       0x30 CMakeFiles/my_DE2_Project.dir/D_/Rasberry_pi_pico/pico-sdk/src/common/pico_time/time.c.obj
 .text.timer_pool_entry_comparator
                0x10000c7c       0x7c CMakeFiles/my_DE2_Project.dir/D_/Rasberry_pi_pico/pico-sdk/src/common/pico_time/time.c.obj
                0x10000c7c                timer_pool_entry_comparator
 .text.ph_add_child_node
                0x10000cf8       0xa4 CMakeFiles/my_DE2_Project.dir/D_/Rasberry_pi_pico/pico-sdk/src/common/pico_time/time.c.obj
 .text.ph_merge_nodes
                0x10000d9c       0x3e CMakeFiles/my_DE2_Project.dir/D_/Rasberry_pi_pico/pico-sdk/src/common/pico_time/time.c.obj
 *fill*         0x10000dda        0x2 
 .text.add_alarm_under_lock
                0x10000ddc      0x174 CMakeFiles/my_DE2_Project.dir/D_/Rasberry_pi_pico/pico-sdk/src/common/pico_time/time.c.obj
 .text.alarm_pool_alarm_callback
                0x10000f50      0x33c CMakeFiles/my_DE2_Project.dir/D_/Rasberry_pi_pico/pico-sdk/src/common/pico_time/time.c.obj
 .text.alarm_pool_init_default
                0x1000128c       0x40 CMakeFiles/my_DE2_Project.dir/D_/Rasberry_pi_pico/pico-sdk/src/common/pico_time/time.c.obj
                0x1000128c                alarm_pool_init_default
 .text.alarm_pool_get_default
                0x100012cc       0x2c CMakeFiles/my_DE2_Project.dir/D_/Rasberry_pi_pico/pico-sdk/src/common/pico_time/time.c.obj
                0x100012cc                alarm_pool_get_default
 .text.alarm_pool_add_alarm_at
                0x100012f8      0x168 CMakeFiles/my_DE2_Project.dir/D_/Rasberry_pi_pico/pico-sdk/src/common/pico_time/time.c.obj
                0x100012f8                alarm_pool_add_alarm_at
 .text.alarm_pool_cancel_alarm
                0x10001460       0xf8 CMakeFiles/my_DE2_Project.dir/D_/Rasberry_pi_pico/pico-sdk/src/common/pico_time/time.c.obj
                0x10001460                alarm_pool_cancel_alarm
 .text.alarm_pool_core_num
                0x10001558        0x4 CMakeFiles/my_DE2_Project.dir/D_/Rasberry_pi_pico/pico-sdk/src/common/pico_time/time.c.obj
                0x10001558                alarm_pool_core_num
 .text.best_effort_wfe_or_timeout
                0x1000155c       0xac CMakeFiles/my_DE2_Project.dir/D_/Rasberry_pi_pico/pico-sdk/src/common/pico_time/time.c.obj
                0x1000155c                best_effort_wfe_or_timeout
 .text.hardware_alarm_irq_handler
                0x10001608       0x90 CMakeFiles/my_DE2_Project.dir/D_/Rasberry_pi_pico/pico-sdk/src/rp2_common/hardware_timer/timer.c.obj
 .text.hardware_alarm_claim
                0x10001698       0x18 CMakeFiles/my_DE2_Project.dir/D_/Rasberry_pi_pico/pico-sdk/src/rp2_common/hardware_timer/timer.c.obj
                0x10001698                hardware_alarm_claim
 .text.time_us_64
                0x100016b0       0x18 CMakeFiles/my_DE2_Project.dir/D_/Rasberry_pi_pico/pico-sdk/src/rp2_common/hardware_timer/timer.c.obj
                0x100016b0                time_us_64
 .text.hardware_alarm_set_callback
                0x100016c8       0x90 CMakeFiles/my_DE2_Project.dir/D_/Rasberry_pi_pico/pico-sdk/src/rp2_common/hardware_timer/timer.c.obj
                0x100016c8                hardware_alarm_set_callback
 .text.hardware_alarm_set_target
                0x10001758       0xe8 CMakeFiles/my_DE2_Project.dir/D_/Rasberry_pi_pico/pico-sdk/src/rp2_common/hardware_timer/timer.c.obj
                0x10001758                hardware_alarm_set_target
 .text.hardware_alarm_cancel
                0x10001840       0x40 CMakeFiles/my_DE2_Project.dir/D_/Rasberry_pi_pico/pico-sdk/src/rp2_common/hardware_timer/timer.c.obj
                0x10001840                hardware_alarm_cancel
 .text.ph_add_child_node
                0x10001880       0xa4 CMakeFiles/my_DE2_Project.dir/D_/Rasberry_pi_pico/pico-sdk/src/common/pico_util/pheap.c.obj
 .text.ph_merge_nodes
                0x10001924       0x3e CMakeFiles/my_DE2_Project.dir/D_/Rasberry_pi_pico/pico-sdk/src/common/pico_util/pheap.c.obj
 *fill*         0x10001962        0x2 
 .text.ph_clear
                0x10001964       0x70 CMakeFiles/my_DE2_Project.dir/D_/Rasberry_pi_pico/pico-sdk/src/common/pico_util/pheap.c.obj
                0x10001964                ph_clear
 .text.ph_post_alloc_init
                0x100019d4        0xe CMakeFiles/my_DE2_Project.dir/D_/Rasberry_pi_pico/pico-sdk/src/common/pico_util/pheap.c.obj
                0x100019d4                ph_post_alloc_init
 *fill*         0x100019e2        0x2 
 .text.ph_merge_two_pass
                0x100019e4       0xa8 CMakeFiles/my_DE2_Project.dir/D_/Rasberry_pi_pico/pico-sdk/src/common/pico_util/pheap.c.obj
                0x100019e4                ph_merge_two_pass
 .text.ph_remove_any_head
                0x10001a8c      0x128 CMakeFiles/my_DE2_Project.dir/D_/Rasberry_pi_pico/pico-sdk/src/common/pico_util/pheap.c.obj
 .text.ph_remove_head
                0x10001bb4       0x14 CMakeFiles/my_DE2_Project.dir/D_/Rasberry_pi_pico/pico-sdk/src/common/pico_util/pheap.c.obj
                0x10001bb4                ph_remove_head
 .text.ph_remove_and_free_node
                0x10001bc8       0xf8 CMakeFiles/my_DE2_Project.dir/D_/Rasberry_pi_pico/pico-sdk/src/common/pico_util/pheap.c.obj
                0x10001bc8                ph_remove_and_free_node
 .text.clock_configure
                0x10001cc0      0x108 CMakeFiles/my_DE2_Project.dir/D_/Rasberry_pi_pico/pico-sdk/src/rp2_common/hardware_clocks/clocks.c.obj
                0x10001cc0                clock_configure
 .text.clocks_init
                0x10001dc8      0x100 CMakeFiles/my_DE2_Project.dir/D_/Rasberry_pi_pico/pico-sdk/src/rp2_common/hardware_clocks/clocks.c.obj
                0x10001dc8                clocks_init
 .text.pll_init
                0x10001ec8      0x120 CMakeFiles/my_DE2_Project.dir/D_/Rasberry_pi_pico/pico-sdk/src/rp2_common/hardware_pll/pll.c.obj
                0x10001ec8                pll_init
 .text.watchdog_start_tick
                0x10001fe8       0x10 CMakeFiles/my_DE2_Project.dir/D_/Rasberry_pi_pico/pico-sdk/src/rp2_common/hardware_watchdog/watchdog.c.obj
                0x10001fe8                watchdog_start_tick
 .text.watchdog_update
                0x10001ff8       0x14 CMakeFiles/my_DE2_Project.dir/D_/Rasberry_pi_pico/pico-sdk/src/rp2_common/hardware_watchdog/watchdog.c.obj
                0x10001ff8                watchdog_update
 .text._watchdog_enable
                0x1000200c       0x78 CMakeFiles/my_DE2_Project.dir/D_/Rasberry_pi_pico/pico-sdk/src/rp2_common/hardware_watchdog/watchdog.c.obj
                0x1000200c                _watchdog_enable
 .text.watchdog_reboot
                0x10002084       0x48 CMakeFiles/my_DE2_Project.dir/D_/Rasberry_pi_pico/pico-sdk/src/rp2_common/hardware_watchdog/watchdog.c.obj
                0x10002084                watchdog_reboot
 .text.xosc_init
                0x100020cc       0x28 CMakeFiles/my_DE2_Project.dir/D_/Rasberry_pi_pico/pico-sdk/src/rp2_common/hardware_xosc/xosc.c.obj
                0x100020cc                xosc_init
 .text._exit    0x100020f4        0x4 CMakeFiles/my_DE2_Project.dir/D_/Rasberry_pi_pico/pico-sdk/src/rp2_common/pico_runtime/runtime.c.obj
                0x100020f4                _exit
 .text.exit     0x100020f8        0x6 CMakeFiles/my_DE2_Project.dir/D_/Rasberry_pi_pico/pico-sdk/src/rp2_common/pico_runtime/runtime.c.obj
                0x100020f8                exit
 *fill*         0x100020fe        0x2 
 .text.__assert_func
                0x10002100       0x3c CMakeFiles/my_DE2_Project.dir/D_/Rasberry_pi_pico/pico-sdk/src/rp2_common/pico_runtime/runtime.c.obj
                0x10002100                __assert_func
 .text.runtime_init
                0x1000213c       0xf8 CMakeFiles/my_DE2_Project.dir/D_/Rasberry_pi_pico/pico-sdk/src/rp2_common/pico_runtime/runtime.c.obj
                0x1000213c                runtime_init
 .text.panic    0x10002234       0x30 CMakeFiles/my_DE2_Project.dir/D_/Rasberry_pi_pico/pico-sdk/src/rp2_common/pico_runtime/runtime.c.obj
                0x10002234                panic
 .text._out_null
                0x10002264        0x2 CMakeFiles/my_DE2_Project.dir/D_/Rasberry_pi_pico/pico-sdk/src/rp2_common/pico_printf/printf.c.obj
 .text._out_fct
                0x10002266        0xe CMakeFiles/my_DE2_Project.dir/D_/Rasberry_pi_pico/pico-sdk/src/rp2_common/pico_printf/printf.c.obj
 .text._atoi    0x10002274       0x24 CMakeFiles/my_DE2_Project.dir/D_/Rasberry_pi_pico/pico-sdk/src/rp2_common/pico_printf/printf.c.obj
 .text._out_rev
                0x10002298       0xae CMakeFiles/my_DE2_Project.dir/D_/Rasberry_pi_pico/pico-sdk/src/rp2_common/pico_printf/printf.c.obj
 .text._ntoa_format
                0x10002346      0x112 CMakeFiles/my_DE2_Project.dir/D_/Rasberry_pi_pico/pico-sdk/src/rp2_common/pico_printf/printf.c.obj
 .text._ntoa_long
                0x10002458       0xbc CMakeFiles/my_DE2_Project.dir/D_/Rasberry_pi_pico/pico-sdk/src/rp2_common/pico_printf/printf.c.obj
 .text._ntoa_long_long
                0x10002514       0xe2 CMakeFiles/my_DE2_Project.dir/D_/Rasberry_pi_pico/pico-sdk/src/rp2_common/pico_printf/printf.c.obj
 *fill*         0x100025f6        0x2 
 .text._etoa    0x100025f8      0x414 CMakeFiles/my_DE2_Project.dir/D_/Rasberry_pi_pico/pico-sdk/src/rp2_common/pico_printf/printf.c.obj
 .text._ftoa    0x10002a0c      0x354 CMakeFiles/my_DE2_Project.dir/D_/Rasberry_pi_pico/pico-sdk/src/rp2_common/pico_printf/printf.c.obj
 .text._vsnprintf
                0x10002d60      0x624 CMakeFiles/my_DE2_Project.dir/D_/Rasberry_pi_pico/pico-sdk/src/rp2_common/pico_printf/printf.c.obj
 .text.vfctprintf
                0x10003384       0x20 CMakeFiles/my_DE2_Project.dir/D_/Rasberry_pi_pico/pico-sdk/src/rp2_common/pico_printf/printf.c.obj
                0x10003384                vfctprintf
 .text          0x100033a4       0x10 CMakeFiles/my_DE2_Project.dir/D_/Rasberry_pi_pico/pico-sdk/src/rp2_common/pico_bit_ops/bit_ops_aeabi.S.obj
 .text.rom_func_lookup
                0x100033b4       0x10 CMakeFiles/my_DE2_Project.dir/D_/Rasberry_pi_pico/pico-sdk/src/rp2_common/pico_bootrom/bootrom.c.obj
                0x100033b4                rom_func_lookup
 .text.rom_data_lookup
                0x100033c4       0x10 CMakeFiles/my_DE2_Project.dir/D_/Rasberry_pi_pico/pico-sdk/src/rp2_common/pico_bootrom/bootrom.c.obj
                0x100033c4                rom_data_lookup
 .text.rom_funcs_lookup
                0x100033d4       0x36 CMakeFiles/my_DE2_Project.dir/D_/Rasberry_pi_pico/pico-sdk/src/rp2_common/pico_bootrom/bootrom.c.obj
                0x100033d4                rom_funcs_lookup
 *fill*         0x1000340a        0x2 
 .text.__wrap___aeabi_idiv
                0x1000340c       0x50 CMakeFiles/my_DE2_Project.dir/D_/Rasberry_pi_pico/pico-sdk/src/rp2_common/pico_divider/divider.S.obj
                0x1000340c                __wrap___aeabi_idivmod
                0x1000340c                divmod_s32s32
                0x1000340c                div_s32s32
                0x1000340c                __wrap___aeabi_idiv
                0x10003414                divmod_s32s32_unsafe
                0x10003440                divmod_s32s32_savestate
 .text.__wrap___aeabi_uidiv
                0x1000345c       0x4c CMakeFiles/my_DE2_Project.dir/D_/Rasberry_pi_pico/pico-sdk/src/rp2_common/pico_divider/divider.S.obj
                0x1000345c                __wrap___aeabi_uidiv
                0x1000345c                __wrap___aeabi_uidivmod
                0x1000345c                div_u32u32
                0x1000345c                divmod_u32u32
                0x10003464                divmod_u32u32_unsafe
                0x1000348c                divmod_u32u32_savestate
 .text.__wrap___aeabi_ldiv
                0x100034a8      0x424 CMakeFiles/my_DE2_Project.dir/D_/Rasberry_pi_pico/pico-sdk/src/rp2_common/pico_divider/divider.S.obj
                0x100034a8                div_s64s64
                0x100034a8                divmod_s64s64
                0x100034a8                __wrap___aeabi_ldivmod
                0x100034d8                divmod_u64u64
                0x100034d8                div_u64u64
                0x100034d8                __wrap___aeabi_uldivmod
                0x100034e8                divmod_u64u64_savestate
                0x10003508                divmod_s64s64_unsafe
                0x10003590                divmod_u64u64_unsafe
 .text.__wrap___aeabi_darithmetic
                0x100038cc       0x80 CMakeFiles/my_DE2_Project.dir/D_/Rasberry_pi_pico/pico-sdk/src/rp2_common/pico_double/double_aeabi.S.obj
                0x100038cc                __wrap___aeabi_drsub
                0x100038d2                __wrap___aeabi_dsub
                0x100038e4                __wrap___aeabi_dadd
                0x100038f6                __wrap___aeabi_ddiv
                0x10003932                __wrap___aeabi_dmul
 .text.__wrap___aeabi_cdcmple
                0x1000394c       0x6c CMakeFiles/my_DE2_Project.dir/D_/Rasberry_pi_pico/pico-sdk/src/rp2_common/pico_double/double_aeabi.S.obj
                0x1000394c                __wrap___aeabi_cdrcmple
                0x1000395c                __wrap___aeabi_cdcmpeq
                0x1000395c                __wrap___aeabi_cdcmple
 .text.__wrap___aeabi_dcmplt
                0x100039b8        0xc CMakeFiles/my_DE2_Project.dir/D_/Rasberry_pi_pico/pico-sdk/src/rp2_common/pico_double/double_aeabi.S.obj
                0x100039b8                __wrap___aeabi_dcmplt
 .text.__wrap___aeabi_dcmple
                0x100039c4       0x10 CMakeFiles/my_DE2_Project.dir/D_/Rasberry_pi_pico/pico-sdk/src/rp2_common/pico_double/double_aeabi.S.obj
                0x100039c4                __wrap___aeabi_dcmple
 .text.__wrap___aeabi_dcmpge
                0x100039d4       0x10 CMakeFiles/my_DE2_Project.dir/D_/Rasberry_pi_pico/pico-sdk/src/rp2_common/pico_double/double_aeabi.S.obj
                0x100039d4                __wrap___aeabi_dcmpge
 .text.__wrap___aeabi_dcmpgt
                0x100039e4        0xa CMakeFiles/my_DE2_Project.dir/D_/Rasberry_pi_pico/pico-sdk/src/rp2_common/pico_double/double_aeabi.S.obj
                0x100039e4                __wrap___aeabi_dcmpgt
 .text.__wrap___aeabi_dcmpun
                0x100039ee       0x1c CMakeFiles/my_DE2_Project.dir/D_/Rasberry_pi_pico/pico-sdk/src/rp2_common/pico_double/double_aeabi.S.obj
                0x100039ee                __wrap___aeabi_dcmpun
 *fill*         0x10003a0a        0x2 
 .text.__wrap___aeabi_i2d
                0x10003a0c       0x38 CMakeFiles/my_DE2_Project.dir/D_/Rasberry_pi_pico/pico-sdk/src/rp2_common/pico_double/double_aeabi.S.obj
                0x10003a0c                __wrap___aeabi_ui2d
                0x10003a14                __wrap___aeabi_i2d
 .text.__wrap___aeabi_d2iz
                0x10003a44       0x48 CMakeFiles/my_DE2_Project.dir/D_/Rasberry_pi_pico/pico-sdk/src/rp2_common/pico_double/double_aeabi.S.obj
                0x10003a44                double2int_z
                0x10003a44                __wrap___aeabi_d2iz
 .text.__wrap___aeabi_d2uiz
                0x10003a8c       0x18 CMakeFiles/my_DE2_Project.dir/D_/Rasberry_pi_pico/pico-sdk/src/rp2_common/pico_double/double_aeabi.S.obj
                0x10003a8c                __wrap___aeabi_d2uiz
                0x10003a8c                double2uint
 .text.__aeabi_double_init
                0x10003aa4       0xc8 CMakeFiles/my_DE2_Project.dir/D_/Rasberry_pi_pico/pico-sdk/src/rp2_common/pico_double/double_init_rom.c.obj
                0x10003aa4                __aeabi_double_init
 .text.double_table_shim_on_use_helper
                0x10003b6c       0x34 CMakeFiles/my_DE2_Project.dir/D_/Rasberry_pi_pico/pico-sdk/src/rp2_common/pico_double/double_v1_rom_shim.S.obj
                0x10003b6c                double_table_shim_on_use_helper
 .text.__wrap___aeabi_dsub
                0x10003ba0       0x10 CMakeFiles/my_DE2_Project.dir/D_/Rasberry_pi_pico/pico-sdk/src/rp2_common/pico_double/double_v1_rom_shim.S.obj
                0x10003ba0                drsub_shim
                0x10003ba6                dsub_shim
 .text.dadd_shim
                0x10003bb0      0x15c CMakeFiles/my_DE2_Project.dir/D_/Rasberry_pi_pico/pico-sdk/src/rp2_common/pico_double/double_v1_rom_shim.S.obj
                0x10003bb0                dadd_shim
 .text.dmul_shim
                0x10003d0c      0x15c CMakeFiles/my_DE2_Project.dir/D_/Rasberry_pi_pico/pico-sdk/src/rp2_common/pico_double/double_v1_rom_shim.S.obj
                0x10003d0c                dmul_shim
 .text.ddiv_shim
                0x10003e68      0x1b0 CMakeFiles/my_DE2_Project.dir/D_/Rasberry_pi_pico/pico-sdk/src/rp2_common/pico_double/double_v1_rom_shim.S.obj
                0x10003e68                ddiv_shim
 .text.double2uint_shim
                0x10004018        0xe CMakeFiles/my_DE2_Project.dir/D_/Rasberry_pi_pico/pico-sdk/src/rp2_common/pico_double/double_v1_rom_shim.S.obj
                0x10004018                double2uint_shim
                0x1000401a                double2ufix_shim
 *fill*         0x10004026        0x2 
 .text.double2uint64_shim
                0x10004028       0x70 CMakeFiles/my_DE2_Project.dir/D_/Rasberry_pi_pico/pico-sdk/src/rp2_common/pico_double/double_v1_rom_shim.S.obj
                0x10004028                double2uint64_shim
                0x1000402a                double2ufix64_shim
                0x1000404a                d2fix_a
 .text.dunpacks
                0x10004098       0x3c CMakeFiles/my_DE2_Project.dir/D_/Rasberry_pi_pico/pico-sdk/src/rp2_common/pico_double/double_v1_rom_shim.S.obj
                0x10004098                dunpacks
 .text.__aeabi_lmul
                0x100040d4       0x32 CMakeFiles/my_DE2_Project.dir/D_/Rasberry_pi_pico/pico-sdk/src/rp2_common/pico_int64_ops/pico_int64_ops_aeabi.S.obj
                0x100040d4                __wrap___aeabi_lmul
 *fill*         0x10004106        0x2 
 .text.__aeabi_float_init
                0x10004108       0xfc CMakeFiles/my_DE2_Project.dir/D_/Rasberry_pi_pico/pico-sdk/src/rp2_common/pico_float/float_init_rom.c.obj
                0x10004108                __aeabi_float_init
 .text.float_table_shim_on_use_helper
                0x10004204       0x34 CMakeFiles/my_DE2_Project.dir/D_/Rasberry_pi_pico/pico-sdk/src/rp2_common/pico_float/float_v1_rom_shim.S.obj
                0x10004204                float_table_shim_on_use_helper
 .text          0x10004238       0x10 CMakeFiles/my_DE2_Project.dir/D_/Rasberry_pi_pico/pico-sdk/src/rp2_common/pico_mem_ops/mem_ops_aeabi.S.obj
                0x10004238                __aeabi_mem_init
 .text.memset   0x10004248        0xc CMakeFiles/my_DE2_Project.dir/D_/Rasberry_pi_pico/pico-sdk/src/rp2_common/pico_mem_ops/mem_ops_aeabi.S.obj
                0x10004248                __wrap_memset
 .text.memcpy   0x10004254        0xc CMakeFiles/my_DE2_Project.dir/D_/Rasberry_pi_pico/pico-sdk/src/rp2_common/pico_mem_ops/mem_ops_aeabi.S.obj
                0x10004254                __wrap_memcpy
                0x10004254                __wrap___aeabi_memcpy
 .text.stdio_out_chars_no_crlf
                0x10004260        0xe CMakeFiles/my_DE2_Project.dir/D_/Rasberry_pi_pico/pico-sdk/src/rp2_common/pico_stdio/stdio.c.obj
 *fill*         0x1000426e        0x2 
 .text.stdio_out_chars_crlf
                0x10004270       0x80 CMakeFiles/my_DE2_Project.dir/D_/Rasberry_pi_pico/pico-sdk/src/rp2_common/pico_stdio/stdio.c.obj
 .text.stdio_stack_buffer_flush
                0x100042f0       0x44 CMakeFiles/my_DE2_Project.dir/D_/Rasberry_pi_pico/pico-sdk/src/rp2_common/pico_stdio/stdio.c.obj
 .text.stdio_buffered_printer
                0x10004334       0x20 CMakeFiles/my_DE2_Project.dir/D_/Rasberry_pi_pico/pico-sdk/src/rp2_common/pico_stdio/stdio.c.obj
 .text.stdout_serialize_begin
                0x10004354       0x5c CMakeFiles/my_DE2_Project.dir/D_/Rasberry_pi_pico/pico-sdk/src/rp2_common/pico_stdio/stdio.c.obj
                0x10004354                stdout_serialize_begin
 .text.stdout_serialize_end
                0x100043b0       0x10 CMakeFiles/my_DE2_Project.dir/D_/Rasberry_pi_pico/pico-sdk/src/rp2_common/pico_stdio/stdio.c.obj
                0x100043b0                stdout_serialize_end
 .text.stdio_put_string
                0x100043c0       0x98 CMakeFiles/my_DE2_Project.dir/D_/Rasberry_pi_pico/pico-sdk/src/rp2_common/pico_stdio/stdio.c.obj
 .text.stdio_set_driver_enabled
                0x10004458       0x2c CMakeFiles/my_DE2_Project.dir/D_/Rasberry_pi_pico/pico-sdk/src/rp2_common/pico_stdio/stdio.c.obj
                0x10004458                stdio_set_driver_enabled
 .text.stdio_flush
                0x10004484       0x20 CMakeFiles/my_DE2_Project.dir/D_/Rasberry_pi_pico/pico-sdk/src/rp2_common/pico_stdio/stdio.c.obj
                0x10004484                stdio_flush
 .text.__wrap_puts
                0x100044a4       0x1e CMakeFiles/my_DE2_Project.dir/D_/Rasberry_pi_pico/pico-sdk/src/rp2_common/pico_stdio/stdio.c.obj
                0x100044a4                __wrap_puts
 *fill*         0x100044c2        0x2 
 .text.__wrap_vprintf
                0x100044c4       0x40 CMakeFiles/my_DE2_Project.dir/D_/Rasberry_pi_pico/pico-sdk/src/rp2_common/pico_stdio/stdio.c.obj
                0x100044c4                __wrap_vprintf
 .text.__wrap_printf
                0x10004504       0x18 CMakeFiles/my_DE2_Project.dir/D_/Rasberry_pi_pico/pico-sdk/src/rp2_common/pico_stdio/stdio.c.obj
                0x10004504                __wrap_printf
 .text.stdio_init_all
                0x1000451c        0x8 CMakeFiles/my_DE2_Project.dir/D_/Rasberry_pi_pico/pico-sdk/src/rp2_common/pico_stdio/stdio.c.obj
                0x1000451c                stdio_init_all
 .text.resetd_init
                0x10004524        0x2 CMakeFiles/my_DE2_Project.dir/D_/Rasberry_pi_pico/pico-sdk/src/rp2_common/pico_stdio_usb/reset_interface.c.obj
 *fill*         0x10004526        0x2 
 .text.resetd_reset
                0x10004528        0xc CMakeFiles/my_DE2_Project.dir/D_/Rasberry_pi_pico/pico-sdk/src/rp2_common/pico_stdio_usb/reset_interface.c.obj
 .text.resetd_open
                0x10004534       0x34 CMakeFiles/my_DE2_Project.dir/D_/Rasberry_pi_pico/pico-sdk/src/rp2_common/pico_stdio_usb/reset_interface.c.obj
 .text.resetd_xfer_cb
                0x10004568        0x4 CMakeFiles/my_DE2_Project.dir/D_/Rasberry_pi_pico/pico-sdk/src/rp2_common/pico_stdio_usb/reset_interface.c.obj
 .text.reset_usb_boot
                0x1000456c       0x18 CMakeFiles/my_DE2_Project.dir/D_/Rasberry_pi_pico/pico-sdk/src/rp2_common/pico_stdio_usb/reset_interface.c.obj
 .text.resetd_control_xfer_cb
                0x10004584       0x5c CMakeFiles/my_DE2_Project.dir/D_/Rasberry_pi_pico/pico-sdk/src/rp2_common/pico_stdio_usb/reset_interface.c.obj
 .text.usbd_app_driver_get_cb
                0x100045e0        0xc CMakeFiles/my_DE2_Project.dir/D_/Rasberry_pi_pico/pico-sdk/src/rp2_common/pico_stdio_usb/reset_interface.c.obj
                0x100045e0                usbd_app_driver_get_cb
 .text.tud_cdc_line_coding_cb
                0x100045ec       0x28 CMakeFiles/my_DE2_Project.dir/D_/Rasberry_pi_pico/pico-sdk/src/rp2_common/pico_stdio_usb/reset_interface.c.obj
                0x100045ec                tud_cdc_line_coding_cb
 .text.stdio_usb_set_chars_available_callback
                0x10004614       0x14 CMakeFiles/my_DE2_Project.dir/D_/Rasberry_pi_pico/pico-sdk/src/rp2_common/pico_stdio_usb/stdio_usb.c.obj
                0x10004614                stdio_usb_set_chars_available_callback
 .text.usb_irq  0x10004628       0x10 CMakeFiles/my_DE2_Project.dir/D_/Rasberry_pi_pico/pico-sdk/src/rp2_common/pico_stdio_usb/stdio_usb.c.obj
 .text.timer_task
                0x10004638       0x5c CMakeFiles/my_DE2_Project.dir/D_/Rasberry_pi_pico/pico-sdk/src/rp2_common/pico_stdio_usb/stdio_usb.c.obj
 .text.low_priority_worker_irq
                0x10004694       0xdc CMakeFiles/my_DE2_Project.dir/D_/Rasberry_pi_pico/pico-sdk/src/rp2_common/pico_stdio_usb/stdio_usb.c.obj
 .text.tud_cdc_rx_cb
                0x10004770       0x20 CMakeFiles/my_DE2_Project.dir/D_/Rasberry_pi_pico/pico-sdk/src/rp2_common/pico_stdio_usb/stdio_usb.c.obj
                0x10004770                tud_cdc_rx_cb
 .text.stdio_usb_init
                0x10004790      0x11c CMakeFiles/my_DE2_Project.dir/D_/Rasberry_pi_pico/pico-sdk/src/rp2_common/pico_stdio_usb/stdio_usb.c.obj
                0x10004790                stdio_usb_init
 .text.stdio_usb_connected
                0x100048ac        0xa CMakeFiles/my_DE2_Project.dir/D_/Rasberry_pi_pico/pico-sdk/src/rp2_common/pico_stdio_usb/stdio_usb.c.obj
                0x100048ac                stdio_usb_connected
 *fill*         0x100048b6        0x2 
 .text.stdio_usb_in_chars
                0x100048b8       0xc4 CMakeFiles/my_DE2_Project.dir/D_/Rasberry_pi_pico/pico-sdk/src/rp2_common/pico_stdio_usb/stdio_usb.c.obj
                0x100048b8                stdio_usb_in_chars
 .text.stdio_usb_out_chars
                0x1000497c      0x114 CMakeFiles/my_DE2_Project.dir/D_/Rasberry_pi_pico/pico-sdk/src/rp2_common/pico_stdio_usb/stdio_usb.c.obj
 .text.tud_descriptor_device_cb
                0x10004a90        0x8 CMakeFiles/my_DE2_Project.dir/D_/Rasberry_pi_pico/pico-sdk/src/rp2_common/pico_stdio_usb/stdio_usb_descriptors.c.obj
                0x10004a90                tud_descriptor_device_cb
 .text.tud_descriptor_configuration_cb
                0x10004a98        0x8 CMakeFiles/my_DE2_Project.dir/D_/Rasberry_pi_pico/pico-sdk/src/rp2_common/pico_stdio_usb/stdio_usb_descriptors.c.obj
                0x10004a98                tud_descriptor_configuration_cb
 .text.tud_descriptor_string_cb
                0x10004aa0       0x6c CMakeFiles/my_DE2_Project.dir/D_/Rasberry_pi_pico/pico-sdk/src/rp2_common/pico_stdio_usb/stdio_usb_descriptors.c.obj
                0x10004aa0                tud_descriptor_string_cb
 .text._retrieve_unique_id_on_boot
                0x10004b0c       0x10 CMakeFiles/my_DE2_Project.dir/D_/Rasberry_pi_pico/pico-sdk/src/rp2_common/pico_unique_id/unique_id.c.obj
 .text.pico_get_unique_board_id_string
                0x10004b1c       0x60 CMakeFiles/my_DE2_Project.dir/D_/Rasberry_pi_pico/pico-sdk/src/rp2_common/pico_unique_id/unique_id.c.obj
                0x10004b1c                pico_get_unique_board_id_string
 .text.flash_get_unique_id
                0x10004b7c       0x46 CMakeFiles/my_DE2_Project.dir/D_/Rasberry_pi_pico/pico-sdk/src/rp2_common/hardware_flash/flash.c.obj
                0x10004b7c                flash_get_unique_id
 *fill*         0x10004bc2        0x2 
 .text.hw_endpoint_get_by_addr
                0x10004bc4       0x18 CMakeFiles/my_DE2_Project.dir/D_/Rasberry_pi_pico/pico-sdk/lib/tinyusb/src/portable/raspberrypi/rp2040/dcd_rp2040.c.obj
 .text._hw_endpoint_alloc
                0x10004bdc       0x70 CMakeFiles/my_DE2_Project.dir/D_/Rasberry_pi_pico/pico-sdk/lib/tinyusb/src/portable/raspberrypi/rp2040/dcd_rp2040.c.obj
 .text.hw_endpoint_init
                0x10004c4c       0x88 CMakeFiles/my_DE2_Project.dir/D_/Rasberry_pi_pico/pico-sdk/lib/tinyusb/src/portable/raspberrypi/rp2040/dcd_rp2040.c.obj
 .text.hw_endpoint_xfer
                0x10004cd4       0x14 CMakeFiles/my_DE2_Project.dir/D_/Rasberry_pi_pico/pico-sdk/lib/tinyusb/src/portable/raspberrypi/rp2040/dcd_rp2040.c.obj
 .text.dcd_int_enable
                0x10004ce8       0x2c CMakeFiles/my_DE2_Project.dir/D_/Rasberry_pi_pico/pico-sdk/lib/tinyusb/src/portable/raspberrypi/rp2040/dcd_rp2040.c.obj
                0x10004ce8                dcd_int_enable
 .text.dcd_set_address
                0x10004d14       0x2c CMakeFiles/my_DE2_Project.dir/D_/Rasberry_pi_pico/pico-sdk/lib/tinyusb/src/portable/raspberrypi/rp2040/dcd_rp2040.c.obj
                0x10004d14                dcd_set_address
 .text.dcd_connect
                0x10004d40       0x10 CMakeFiles/my_DE2_Project.dir/D_/Rasberry_pi_pico/pico-sdk/lib/tinyusb/src/portable/raspberrypi/rp2040/dcd_rp2040.c.obj
                0x10004d40                dcd_connect
 .text.dcd_init
                0x10004d50       0x80 CMakeFiles/my_DE2_Project.dir/D_/Rasberry_pi_pico/pico-sdk/lib/tinyusb/src/portable/raspberrypi/rp2040/dcd_rp2040.c.obj
                0x10004d50                dcd_init
 .text.dcd_edpt0_status_complete
                0x10004dd0       0x1c CMakeFiles/my_DE2_Project.dir/D_/Rasberry_pi_pico/pico-sdk/lib/tinyusb/src/portable/raspberrypi/rp2040/dcd_rp2040.c.obj
                0x10004dd0                dcd_edpt0_status_complete
 .text.dcd_edpt_open
                0x10004dec       0x40 CMakeFiles/my_DE2_Project.dir/D_/Rasberry_pi_pico/pico-sdk/lib/tinyusb/src/portable/raspberrypi/rp2040/dcd_rp2040.c.obj
                0x10004dec                dcd_edpt_open
 .text.dcd_edpt_close_all
                0x10004e2c        0x8 CMakeFiles/my_DE2_Project.dir/D_/Rasberry_pi_pico/pico-sdk/lib/tinyusb/src/portable/raspberrypi/rp2040/dcd_rp2040.c.obj
                0x10004e2c                dcd_edpt_close_all
 .text.dcd_edpt_xfer
                0x10004e34       0x34 CMakeFiles/my_DE2_Project.dir/D_/Rasberry_pi_pico/pico-sdk/lib/tinyusb/src/portable/raspberrypi/rp2040/dcd_rp2040.c.obj
                0x10004e34                dcd_edpt_xfer
 .text.dcd_edpt_stall
                0x10004e68       0x2c CMakeFiles/my_DE2_Project.dir/D_/Rasberry_pi_pico/pico-sdk/lib/tinyusb/src/portable/raspberrypi/rp2040/dcd_rp2040.c.obj
                0x10004e68                dcd_edpt_stall
 .text.dcd_edpt_clear_stall
                0x10004e94       0x20 CMakeFiles/my_DE2_Project.dir/D_/Rasberry_pi_pico/pico-sdk/lib/tinyusb/src/portable/raspberrypi/rp2040/dcd_rp2040.c.obj
                0x10004e94                dcd_edpt_clear_stall
 .text.rp2040_usb_init
                0x10004eb4       0x4c CMakeFiles/my_DE2_Project.dir/D_/Rasberry_pi_pico/pico-sdk/lib/tinyusb/src/portable/raspberrypi/rp2040/rp2040_usb.c.obj
                0x10004eb4                rp2040_usb_init
 .text.hw_endpoint_xfer_start
                0x10004f00       0x50 CMakeFiles/my_DE2_Project.dir/D_/Rasberry_pi_pico/pico-sdk/lib/tinyusb/src/portable/raspberrypi/rp2040/rp2040_usb.c.obj
                0x10004f00                hw_endpoint_xfer_start
 .text.configuration_reset
                0x10004f50       0x84 CMakeFiles/my_DE2_Project.dir/D_/Rasberry_pi_pico/pico-sdk/lib/tinyusb/src/device/usbd.c.obj
 .text.usbd_reset
                0x10004fd4        0xc CMakeFiles/my_DE2_Project.dir/D_/Rasberry_pi_pico/pico-sdk/lib/tinyusb/src/device/usbd.c.obj
 .text.invoke_class_control
                0x10004fe0       0x1a CMakeFiles/my_DE2_Project.dir/D_/Rasberry_pi_pico/pico-sdk/lib/tinyusb/src/device/usbd.c.obj
 *fill*         0x10004ffa        0x2 
 .text.process_set_config
                0x10004ffc      0x178 CMakeFiles/my_DE2_Project.dir/D_/Rasberry_pi_pico/pico-sdk/lib/tinyusb/src/device/usbd.c.obj
 .text.process_get_descriptor
                0x10005174       0xdc CMakeFiles/my_DE2_Project.dir/D_/Rasberry_pi_pico/pico-sdk/lib/tinyusb/src/device/usbd.c.obj
 .text.tud_mounted
                0x10005250       0x10 CMakeFiles/my_DE2_Project.dir/D_/Rasberry_pi_pico/pico-sdk/lib/tinyusb/src/device/usbd.c.obj
                0x10005250                tud_mounted
 .text.tud_suspended
                0x10005260       0x10 CMakeFiles/my_DE2_Project.dir/D_/Rasberry_pi_pico/pico-sdk/lib/tinyusb/src/device/usbd.c.obj
                0x10005260                tud_suspended
 .text.tud_inited
                0x10005270       0x14 CMakeFiles/my_DE2_Project.dir/D_/Rasberry_pi_pico/pico-sdk/lib/tinyusb/src/device/usbd.c.obj
                0x10005270                tud_inited
 .text.tud_init
                0x10005284       0xcc CMakeFiles/my_DE2_Project.dir/D_/Rasberry_pi_pico/pico-sdk/lib/tinyusb/src/device/usbd.c.obj
                0x10005284                tud_init
 .text.usbd_defer_func
                0x10005350       0x2a CMakeFiles/my_DE2_Project.dir/D_/Rasberry_pi_pico/pico-sdk/lib/tinyusb/src/device/usbd.c.obj
                0x10005350                usbd_defer_func
 *fill*         0x1000537a        0x2 
 .text.usbd_edpt_open
                0x1000537c       0x34 CMakeFiles/my_DE2_Project.dir/D_/Rasberry_pi_pico/pico-sdk/lib/tinyusb/src/device/usbd.c.obj
                0x1000537c                usbd_edpt_open
 .text.usbd_open_edpt_pair
                0x100053b0       0x62 CMakeFiles/my_DE2_Project.dir/D_/Rasberry_pi_pico/pico-sdk/lib/tinyusb/src/device/usbd.c.obj
                0x100053b0                usbd_open_edpt_pair
 *fill*         0x10005412        0x2 
 .text.usbd_edpt_claim
                0x10005414       0x28 CMakeFiles/my_DE2_Project.dir/D_/Rasberry_pi_pico/pico-sdk/lib/tinyusb/src/device/usbd.c.obj
                0x10005414                usbd_edpt_claim
 .text.usbd_edpt_release
                0x1000543c       0x28 CMakeFiles/my_DE2_Project.dir/D_/Rasberry_pi_pico/pico-sdk/lib/tinyusb/src/device/usbd.c.obj
                0x1000543c                usbd_edpt_release
 .text.usbd_edpt_xfer
                0x10005464       0x78 CMakeFiles/my_DE2_Project.dir/D_/Rasberry_pi_pico/pico-sdk/lib/tinyusb/src/device/usbd.c.obj
                0x10005464                usbd_edpt_xfer
 .text.usbd_edpt_stall
                0x100054dc       0x48 CMakeFiles/my_DE2_Project.dir/D_/Rasberry_pi_pico/pico-sdk/lib/tinyusb/src/device/usbd.c.obj
                0x100054dc                usbd_edpt_stall
 .text.usbd_edpt_clear_stall
                0x10005524       0x48 CMakeFiles/my_DE2_Project.dir/D_/Rasberry_pi_pico/pico-sdk/lib/tinyusb/src/device/usbd.c.obj
                0x10005524                usbd_edpt_clear_stall
 .text.usbd_edpt_stalled
                0x1000556c       0x1c CMakeFiles/my_DE2_Project.dir/D_/Rasberry_pi_pico/pico-sdk/lib/tinyusb/src/device/usbd.c.obj
                0x1000556c                usbd_edpt_stalled
 .text.process_control_request
                0x10005588      0x37c CMakeFiles/my_DE2_Project.dir/D_/Rasberry_pi_pico/pico-sdk/lib/tinyusb/src/device/usbd.c.obj
 .text.tud_task_ext
                0x10005904      0x1b8 CMakeFiles/my_DE2_Project.dir/D_/Rasberry_pi_pico/pico-sdk/lib/tinyusb/src/device/usbd.c.obj
                0x10005904                tud_task_ext
 .text._data_stage_xact
                0x10005abc       0x58 CMakeFiles/my_DE2_Project.dir/D_/Rasberry_pi_pico/pico-sdk/lib/tinyusb/src/device/usbd_control.c.obj
 .text.tud_control_status
                0x10005b14       0x38 CMakeFiles/my_DE2_Project.dir/D_/Rasberry_pi_pico/pico-sdk/lib/tinyusb/src/device/usbd_control.c.obj
                0x10005b14                tud_control_status
 .text.tud_control_xfer
                0x10005b4c       0x74 CMakeFiles/my_DE2_Project.dir/D_/Rasberry_pi_pico/pico-sdk/lib/tinyusb/src/device/usbd_control.c.obj
                0x10005b4c                tud_control_xfer
 .text.usbd_control_reset
                0x10005bc0       0x14 CMakeFiles/my_DE2_Project.dir/D_/Rasberry_pi_pico/pico-sdk/lib/tinyusb/src/device/usbd_control.c.obj
                0x10005bc0                usbd_control_reset
 .text.usbd_control_set_complete_callback
                0x10005bd4        0xc CMakeFiles/my_DE2_Project.dir/D_/Rasberry_pi_pico/pico-sdk/lib/tinyusb/src/device/usbd_control.c.obj
                0x10005bd4                usbd_control_set_complete_callback
 .text.usbd_control_set_request
                0x10005be0       0x1c CMakeFiles/my_DE2_Project.dir/D_/Rasberry_pi_pico/pico-sdk/lib/tinyusb/src/device/usbd_control.c.obj
                0x10005be0                usbd_control_set_request
 .text.usbd_control_xfer_cb
                0x10005bfc       0xcc CMakeFiles/my_DE2_Project.dir/D_/Rasberry_pi_pico/pico-sdk/lib/tinyusb/src/device/usbd_control.c.obj
                0x10005bfc                usbd_control_xfer_cb
 .text._prep_out_transaction
                0x10005cc8       0x4a CMakeFiles/my_DE2_Project.dir/D_/Rasberry_pi_pico/pico-sdk/lib/tinyusb/src/class/cdc/cdc_device.c.obj
 *fill*         0x10005d12        0x2 
 .text.tud_cdc_n_connected
                0x10005d14       0x44 CMakeFiles/my_DE2_Project.dir/D_/Rasberry_pi_pico/pico-sdk/lib/tinyusb/src/class/cdc/cdc_device.c.obj
                0x10005d14                tud_cdc_n_connected
 .text.tud_cdc_n_available
                0x10005d58       0x18 CMakeFiles/my_DE2_Project.dir/D_/Rasberry_pi_pico/pico-sdk/lib/tinyusb/src/class/cdc/cdc_device.c.obj
                0x10005d58                tud_cdc_n_available
 .text.tud_cdc_n_read
                0x10005d70       0x28 CMakeFiles/my_DE2_Project.dir/D_/Rasberry_pi_pico/pico-sdk/lib/tinyusb/src/class/cdc/cdc_device.c.obj
                0x10005d70                tud_cdc_n_read
 .text.tud_cdc_n_write_flush
                0x10005d98       0xb8 CMakeFiles/my_DE2_Project.dir/D_/Rasberry_pi_pico/pico-sdk/lib/tinyusb/src/class/cdc/cdc_device.c.obj
                0x10005d98                tud_cdc_n_write_flush
 .text.tud_cdc_n_write
                0x10005e50       0x38 CMakeFiles/my_DE2_Project.dir/D_/Rasberry_pi_pico/pico-sdk/lib/tinyusb/src/class/cdc/cdc_device.c.obj
                0x10005e50                tud_cdc_n_write
 .text.tud_cdc_n_write_available
                0x10005e88       0x1c CMakeFiles/my_DE2_Project.dir/D_/Rasberry_pi_pico/pico-sdk/lib/tinyusb/src/class/cdc/cdc_device.c.obj
                0x10005e88                tud_cdc_n_write_available
 .text.cdcd_init
                0x10005ea4       0xbc CMakeFiles/my_DE2_Project.dir/D_/Rasberry_pi_pico/pico-sdk/lib/tinyusb/src/class/cdc/cdc_device.c.obj
                0x10005ea4                cdcd_init
 .text.cdcd_reset
                0x10005f60       0x44 CMakeFiles/my_DE2_Project.dir/D_/Rasberry_pi_pico/pico-sdk/lib/tinyusb/src/class/cdc/cdc_device.c.obj
                0x10005f60                cdcd_reset
 .text.cdcd_open
                0x10005fa4       0xcc CMakeFiles/my_DE2_Project.dir/D_/Rasberry_pi_pico/pico-sdk/lib/tinyusb/src/class/cdc/cdc_device.c.obj
                0x10005fa4                cdcd_open
 .text.cdcd_control_xfer_cb
                0x10006070      0x134 CMakeFiles/my_DE2_Project.dir/D_/Rasberry_pi_pico/pico-sdk/lib/tinyusb/src/class/cdc/cdc_device.c.obj
                0x10006070                cdcd_control_xfer_cb
 .text.cdcd_xfer_cb
                0x100061a4      0x130 CMakeFiles/my_DE2_Project.dir/D_/Rasberry_pi_pico/pico-sdk/lib/tinyusb/src/class/cdc/cdc_device.c.obj
                0x100061a4                cdcd_xfer_cb
 .text.tusb_init
                0x100062d4        0xa CMakeFiles/my_DE2_Project.dir/D_/Rasberry_pi_pico/pico-sdk/lib/tinyusb/src/tusb.c.obj
                0x100062d4                tusb_init
 .text.tusb_inited
                0x100062de        0xe CMakeFiles/my_DE2_Project.dir/D_/Rasberry_pi_pico/pico-sdk/lib/tinyusb/src/tusb.c.obj
                0x100062de                tusb_inited
 .text.tu_edpt_claim
                0x100062ec       0x50 CMakeFiles/my_DE2_Project.dir/D_/Rasberry_pi_pico/pico-sdk/lib/tinyusb/src/tusb.c.obj
                0x100062ec                tu_edpt_claim
 .text.tu_edpt_release
                0x1000633c       0x3c CMakeFiles/my_DE2_Project.dir/D_/Rasberry_pi_pico/pico-sdk/lib/tinyusb/src/tusb.c.obj
                0x1000633c                tu_edpt_release
 .text.tu_edpt_validate
                0x10006378       0x78 CMakeFiles/my_DE2_Project.dir/D_/Rasberry_pi_pico/pico-sdk/lib/tinyusb/src/tusb.c.obj
                0x10006378                tu_edpt_validate
 .text.tu_edpt_bind_driver
                0x100063f0       0x26 CMakeFiles/my_DE2_Project.dir/D_/Rasberry_pi_pico/pico-sdk/lib/tinyusb/src/tusb.c.obj
                0x100063f0                tu_edpt_bind_driver
 .text.advance_index
                0x10006416       0x1a CMakeFiles/my_DE2_Project.dir/D_/Rasberry_pi_pico/pico-sdk/lib/tinyusb/src/common/tusb_fifo.c.obj
 .text._tu_fifo_peek
                0x10006430       0x56 CMakeFiles/my_DE2_Project.dir/D_/Rasberry_pi_pico/pico-sdk/lib/tinyusb/src/common/tusb_fifo.c.obj
 .text._ff_pull_const_addr
                0x10006486       0x4c CMakeFiles/my_DE2_Project.dir/D_/Rasberry_pi_pico/pico-sdk/lib/tinyusb/src/common/tusb_fifo.c.obj
 .text._ff_pull_n
                0x100064d2      0x110 CMakeFiles/my_DE2_Project.dir/D_/Rasberry_pi_pico/pico-sdk/lib/tinyusb/src/common/tusb_fifo.c.obj
 .text._tu_fifo_peek_n
                0x100065e2       0x6a CMakeFiles/my_DE2_Project.dir/D_/Rasberry_pi_pico/pico-sdk/lib/tinyusb/src/common/tusb_fifo.c.obj
 .text._tu_fifo_read_n
                0x1000664c       0x4e CMakeFiles/my_DE2_Project.dir/D_/Rasberry_pi_pico/pico-sdk/lib/tinyusb/src/common/tusb_fifo.c.obj
 .text._ff_push_const_addr
                0x1000669a       0x40 CMakeFiles/my_DE2_Project.dir/D_/Rasberry_pi_pico/pico-sdk/lib/tinyusb/src/common/tusb_fifo.c.obj
 .text._ff_push_n
                0x100066da      0x10c CMakeFiles/my_DE2_Project.dir/D_/Rasberry_pi_pico/pico-sdk/lib/tinyusb/src/common/tusb_fifo.c.obj
 .text._tu_fifo_write_n
                0x100067e6       0xf0 CMakeFiles/my_DE2_Project.dir/D_/Rasberry_pi_pico/pico-sdk/lib/tinyusb/src/common/tusb_fifo.c.obj
 .text.tu_fifo_config
                0x100068d6       0x7c CMakeFiles/my_DE2_Project.dir/D_/Rasberry_pi_pico/pico-sdk/lib/tinyusb/src/common/tusb_fifo.c.obj
                0x100068d6                tu_fifo_config
 .text.tu_fifo_count
                0x10006952       0x2a CMakeFiles/my_DE2_Project.dir/D_/Rasberry_pi_pico/pico-sdk/lib/tinyusb/src/common/tusb_fifo.c.obj
                0x10006952                tu_fifo_count
 .text.tu_fifo_empty
                0x1000697c       0x10 CMakeFiles/my_DE2_Project.dir/D_/Rasberry_pi_pico/pico-sdk/lib/tinyusb/src/common/tusb_fifo.c.obj
                0x1000697c                tu_fifo_empty
 .text.tu_fifo_full
                0x1000698c       0x28 CMakeFiles/my_DE2_Project.dir/D_/Rasberry_pi_pico/pico-sdk/lib/tinyusb/src/common/tusb_fifo.c.obj
                0x1000698c                tu_fifo_full
 .text.tu_fifo_remaining
                0x100069b4       0x2c CMakeFiles/my_DE2_Project.dir/D_/Rasberry_pi_pico/pico-sdk/lib/tinyusb/src/common/tusb_fifo.c.obj
                0x100069b4                tu_fifo_remaining
 .text.tu_fifo_read
                0x100069e0       0x42 CMakeFiles/my_DE2_Project.dir/D_/Rasberry_pi_pico/pico-sdk/lib/tinyusb/src/common/tusb_fifo.c.obj
                0x100069e0                tu_fifo_read
 .text.tu_fifo_read_n
                0x10006a22        0xa CMakeFiles/my_DE2_Project.dir/D_/Rasberry_pi_pico/pico-sdk/lib/tinyusb/src/common/tusb_fifo.c.obj
                0x10006a22                tu_fifo_read_n
 .text.tu_fifo_write
                0x10006a2c       0x64 CMakeFiles/my_DE2_Project.dir/D_/Rasberry_pi_pico/pico-sdk/lib/tinyusb/src/common/tusb_fifo.c.obj
                0x10006a2c                tu_fifo_write
 .text.tu_fifo_write_n
                0x10006a90        0xa CMakeFiles/my_DE2_Project.dir/D_/Rasberry_pi_pico/pico-sdk/lib/tinyusb/src/common/tusb_fifo.c.obj
                0x10006a90                tu_fifo_write_n
 .text.tu_fifo_clear
                0x10006a9a       0x3e CMakeFiles/my_DE2_Project.dir/D_/Rasberry_pi_pico/pico-sdk/lib/tinyusb/src/common/tusb_fifo.c.obj
                0x10006a9a                tu_fifo_clear
 .text.tu_fifo_set_overwritable
                0x10006ad8       0x46 CMakeFiles/my_DE2_Project.dir/D_/Rasberry_pi_pico/pico-sdk/lib/tinyusb/src/common/tusb_fifo.c.obj
                0x10006ad8                tu_fifo_set_overwritable
 *fill*         0x10006b1e        0x2 
 .text.strlen   0x10006b20       0x5c d:/rasberry pi pico/gcc-arm-none-eabi/bin/../lib/gcc/arm-none-eabi/10.3.1/../../../../arm-none-eabi/lib/thumb/v6-m/nofp\libg.a(lib_a-strlen-stub.o)
                0x10006b20                strlen
 *(.fini)
 .fini          0x10006b7c        0x4 d:/rasberry pi pico/gcc-arm-none-eabi/bin/../lib/gcc/arm-none-eabi/10.3.1/thumb/v6-m/nofp/crti.o
                0x10006b7c                _fini
 .fini.__stub   0x10006b80       0xe0 linker stubs
 *crtbegin.o(.ctors)
 *crtbegin?.o(.ctors)
 *(EXCLUDE_FILE(*crtend.o *crtend?.o) .ctors)
 *(SORT_BY_NAME(.ctors.*))
 *(.ctors)
 *crtbegin.o(.dtors)
 *crtbegin?.o(.dtors)
 *(EXCLUDE_FILE(*crtend.o *crtend?.o) .dtors)
 *(SORT_BY_NAME(.dtors.*))
 *(.dtors)
 *(.eh_frame*)
 .eh_frame      0x10006c60        0x0 d:/rasberry pi pico/gcc-arm-none-eabi/bin/../lib/gcc/arm-none-eabi/10.3.1/thumb/v6-m/nofp/crtbegin.o
                0x10006c60                . = ALIGN (0x4)

.glue_7         0x10006c60        0x0
 .glue_7        0x10006c60        0x0 linker stubs

.glue_7t        0x10006c60        0x0
 .glue_7t       0x10006c60        0x0 linker stubs

.vfp11_veneer   0x10006c60        0x0
 .vfp11_veneer  0x10006c60        0x0 linker stubs

.v4_bx          0x10006c60        0x0
 .v4_bx         0x10006c60        0x0 linker stubs

.iplt           0x10006c60        0x0
 .iplt          0x10006c60        0x0 d:/rasberry pi pico/gcc-arm-none-eabi/bin/../lib/gcc/arm-none-eabi/10.3.1/thumb/v6-m/nofp/crtbegin.o

.rodata         0x10006c60     0x1524
 *(EXCLUDE_FILE(*libm.a: *libc.a:*lib_a-mem*.o *libgcc.a:) .rodata*)
 .rodata.spin_lock_claim_unused.str1.4
                0x10006c60       0x1b CMakeFiles/my_DE2_Project.dir/D_/Rasberry_pi_pico/pico-sdk/src/rp2_common/hardware_sync/sync.c.obj
 *fill*         0x10006c7b        0x1 
 .rodata.make_branch.str1.4
                0x10006c7c       0x6f CMakeFiles/my_DE2_Project.dir/D_/Rasberry_pi_pico/pico-sdk/src/rp2_common/hardware_irq/irq.c.obj
 *fill*         0x10006ceb        0x1 
 .rodata.insert_branch_and_link.str1.4
                0x10006cec       0x10 CMakeFiles/my_DE2_Project.dir/D_/Rasberry_pi_pico/pico-sdk/src/rp2_common/hardware_irq/irq.c.obj
 .rodata.irq_set_exclusive_handler.str1.4
                0x10006cfc       0x36 CMakeFiles/my_DE2_Project.dir/D_/Rasberry_pi_pico/pico-sdk/src/rp2_common/hardware_irq/irq.c.obj
 *fill*         0x10006d32        0x2 
 .rodata.irq_add_shared_handler.str1.4
                0x10006d34       0xd9 CMakeFiles/my_DE2_Project.dir/D_/Rasberry_pi_pico/pico-sdk/src/rp2_common/hardware_irq/irq.c.obj
 *fill*         0x10006e0d        0x3 
 .rodata.irq_remove_handler.str1.4
                0x10006e10       0x3a CMakeFiles/my_DE2_Project.dir/D_/Rasberry_pi_pico/pico-sdk/src/rp2_common/hardware_irq/irq.c.obj
 *fill*         0x10006e4a        0x2 
 .rodata.irq_add_tail_to_free_list.str1.4
                0x10006e4c       0x3a CMakeFiles/my_DE2_Project.dir/D_/Rasberry_pi_pico/pico-sdk/src/rp2_common/hardware_irq/irq.c.obj
 *fill*         0x10006e86        0x2 
 .rodata.user_irq_claim_unused.str1.4
                0x10006e88       0x1b CMakeFiles/my_DE2_Project.dir/D_/Rasberry_pi_pico/pico-sdk/src/rp2_common/hardware_irq/irq.c.obj
 *fill*         0x10006ea3        0x1 
 .rodata.__func__.0
                0x10006ea4       0x1a CMakeFiles/my_DE2_Project.dir/D_/Rasberry_pi_pico/pico-sdk/src/rp2_common/hardware_irq/irq.c.obj
 *fill*         0x10006ebe        0x2 
 .rodata.__func__.1
                0x10006ec0       0x17 CMakeFiles/my_DE2_Project.dir/D_/Rasberry_pi_pico/pico-sdk/src/rp2_common/hardware_irq/irq.c.obj
 *fill*         0x10006ed7        0x1 
 .rodata.__func__.2
                0x10006ed8       0x13 CMakeFiles/my_DE2_Project.dir/D_/Rasberry_pi_pico/pico-sdk/src/rp2_common/hardware_irq/irq.c.obj
 *fill*         0x10006eeb        0x1 
 .rodata.__func__.3
                0x10006eec        0xc CMakeFiles/my_DE2_Project.dir/D_/Rasberry_pi_pico/pico-sdk/src/rp2_common/hardware_irq/irq.c.obj
 .rodata.__func__.4
                0x10006ef8        0xf CMakeFiles/my_DE2_Project.dir/D_/Rasberry_pi_pico/pico-sdk/src/rp2_common/hardware_irq/irq.c.obj
 *fill*         0x10006f07        0x1 
 .rodata.__func__.5
                0x10006f08       0x17 CMakeFiles/my_DE2_Project.dir/D_/Rasberry_pi_pico/pico-sdk/src/rp2_common/hardware_irq/irq.c.obj
 *fill*         0x10006f1f        0x1 
 .rodata.__func__.6
                0x10006f20       0x1a CMakeFiles/my_DE2_Project.dir/D_/Rasberry_pi_pico/pico-sdk/src/rp2_common/hardware_irq/irq.c.obj
 *fill*         0x10006f3a        0x2 
 .rodata.str1.4
                0x10006f3c       0xf1 CMakeFiles/my_DE2_Project.dir/D_/Rasberry_pi_pico/pico-sdk/src/common/pico_sync/mutex.c.obj
 *fill*         0x1000702d        0x3 
 .rodata.__func__.1
                0x10007030        0xb CMakeFiles/my_DE2_Project.dir/D_/Rasberry_pi_pico/pico-sdk/src/common/pico_sync/mutex.c.obj
 *fill*         0x1000703b        0x1 
 .rodata.__func__.3
                0x1000703c       0x18 CMakeFiles/my_DE2_Project.dir/D_/Rasberry_pi_pico/pico-sdk/src/common/pico_sync/mutex.c.obj
 .rodata.__func__.4
                0x10007054       0x15 CMakeFiles/my_DE2_Project.dir/D_/Rasberry_pi_pico/pico-sdk/src/common/pico_sync/mutex.c.obj
 *fill*         0x10007069        0x3 
 .rodata.repeating_timer_callback.str1.4
                0x1000706c       0x4d CMakeFiles/my_DE2_Project.dir/D_/Rasberry_pi_pico/pico-sdk/src/common/pico_time/time.c.obj
 *fill*         0x100070b9        0x3 
 .rodata.timer_pool_entry_comparator.str1.4
                0x100070bc       0x22 CMakeFiles/my_DE2_Project.dir/D_/Rasberry_pi_pico/pico-sdk/src/common/pico_time/time.c.obj
 *fill*         0x100070de        0x2 
 .rodata.ph_add_child_node.str1.4
                0x100070e0       0x96 CMakeFiles/my_DE2_Project.dir/D_/Rasberry_pi_pico/pico-sdk/src/common/pico_time/time.c.obj
 *fill*         0x10007176        0x2 
 .rodata.add_alarm_under_lock.str1.4
                0x10007178       0x28 CMakeFiles/my_DE2_Project.dir/D_/Rasberry_pi_pico/pico-sdk/src/common/pico_time/time.c.obj
                                 0x2b (size before relaxing)
 .rodata.alarm_pool_alarm_callback.str1.4
                0x100071a0       0x98 CMakeFiles/my_DE2_Project.dir/D_/Rasberry_pi_pico/pico-sdk/src/common/pico_time/time.c.obj
                                 0xfc (size before relaxing)
 .rodata.alarm_pool_get_default.str1.4
                0x10007238       0x21 CMakeFiles/my_DE2_Project.dir/D_/Rasberry_pi_pico/pico-sdk/src/common/pico_time/time.c.obj
 *fill*         0x10007259        0x3 
 .rodata.alarm_pool_cancel_alarm.str1.4
                0x1000725c       0x27 CMakeFiles/my_DE2_Project.dir/D_/Rasberry_pi_pico/pico-sdk/src/common/pico_time/time.c.obj
 *fill*         0x10007283        0x1 
 .rodata.__func__.1
                0x10007284       0x18 CMakeFiles/my_DE2_Project.dir/D_/Rasberry_pi_pico/pico-sdk/src/common/pico_time/time.c.obj
 .rodata.__func__.10
                0x1000729c       0x15 CMakeFiles/my_DE2_Project.dir/D_/Rasberry_pi_pico/pico-sdk/src/common/pico_time/time.c.obj
 *fill*         0x100072b1        0x3 
 .rodata.__func__.11
                0x100072b4       0x1a CMakeFiles/my_DE2_Project.dir/D_/Rasberry_pi_pico/pico-sdk/src/common/pico_time/time.c.obj
 *fill*         0x100072ce        0x2 
 .rodata.__func__.12
                0x100072d0        0xa CMakeFiles/my_DE2_Project.dir/D_/Rasberry_pi_pico/pico-sdk/src/common/pico_time/time.c.obj
 *fill*         0x100072da        0x2 
 .rodata.__func__.3
                0x100072dc       0x17 CMakeFiles/my_DE2_Project.dir/D_/Rasberry_pi_pico/pico-sdk/src/common/pico_time/time.c.obj
 *fill*         0x100072f3        0x1 
 .rodata.__func__.4
                0x100072f4       0x12 CMakeFiles/my_DE2_Project.dir/D_/Rasberry_pi_pico/pico-sdk/src/common/pico_time/time.c.obj
 *fill*         0x10007306        0x2 
 .rodata.__func__.5
                0x10007308        0xd CMakeFiles/my_DE2_Project.dir/D_/Rasberry_pi_pico/pico-sdk/src/common/pico_time/time.c.obj
 *fill*         0x10007315        0x3 
 .rodata.__func__.6
                0x10007318       0x12 CMakeFiles/my_DE2_Project.dir/D_/Rasberry_pi_pico/pico-sdk/src/common/pico_time/time.c.obj
 *fill*         0x1000732a        0x2 
 .rodata.__func__.7
                0x1000732c        0xf CMakeFiles/my_DE2_Project.dir/D_/Rasberry_pi_pico/pico-sdk/src/common/pico_time/time.c.obj
 *fill*         0x1000733b        0x1 
 .rodata.__func__.8
                0x1000733c        0xc CMakeFiles/my_DE2_Project.dir/D_/Rasberry_pi_pico/pico-sdk/src/common/pico_time/time.c.obj
 .rodata.__func__.9
                0x10007348       0x15 CMakeFiles/my_DE2_Project.dir/D_/Rasberry_pi_pico/pico-sdk/src/common/pico_time/time.c.obj
 *fill*         0x1000735d        0x3 
 .rodata.hardware_alarm_claim.str1.4
                0x10007360       0x22 CMakeFiles/my_DE2_Project.dir/D_/Rasberry_pi_pico/pico-sdk/src/rp2_common/hardware_timer/timer.c.obj
 *fill*         0x10007382        0x2 
 .rodata.hardware_alarm_set_target.str1.4
                0x10007384       0x67 CMakeFiles/my_DE2_Project.dir/D_/Rasberry_pi_pico/pico-sdk/src/rp2_common/hardware_timer/timer.c.obj
 *fill*         0x100073eb        0x1 
 .rodata.__func__.0
                0x100073ec       0x1a CMakeFiles/my_DE2_Project.dir/D_/Rasberry_pi_pico/pico-sdk/src/rp2_common/hardware_timer/timer.c.obj
 .rodata.ph_add_child_node.str1.4
                0x10007406       0x96 CMakeFiles/my_DE2_Project.dir/D_/Rasberry_pi_pico/pico-sdk/src/common/pico_util/pheap.c.obj
 *fill*         0x10007406        0x2 
 .rodata.ph_remove_any_head.str1.4
                0x10007408       0x90 CMakeFiles/my_DE2_Project.dir/D_/Rasberry_pi_pico/pico-sdk/src/common/pico_util/pheap.c.obj
                                 0xa4 (size before relaxing)
 .rodata.ph_remove_and_free_node.str1.4
                0x10007498       0x1e CMakeFiles/my_DE2_Project.dir/D_/Rasberry_pi_pico/pico-sdk/src/common/pico_util/pheap.c.obj
                                 0x26 (size before relaxing)
 *fill*         0x100074b6        0x2 
 .rodata.__func__.0
                0x100074b8       0x18 CMakeFiles/my_DE2_Project.dir/D_/Rasberry_pi_pico/pico-sdk/src/common/pico_util/pheap.c.obj
 .rodata.__func__.1
                0x100074d0       0x13 CMakeFiles/my_DE2_Project.dir/D_/Rasberry_pi_pico/pico-sdk/src/common/pico_util/pheap.c.obj
 *fill*         0x100074e3        0x1 
 .rodata.__func__.2
                0x100074e4       0x12 CMakeFiles/my_DE2_Project.dir/D_/Rasberry_pi_pico/pico-sdk/src/common/pico_util/pheap.c.obj
 *fill*         0x100074f6        0x2 
 .rodata.__func__.3
                0x100074f8        0xc CMakeFiles/my_DE2_Project.dir/D_/Rasberry_pi_pico/pico-sdk/src/common/pico_util/pheap.c.obj
 .rodata.clock_configure.str1.4
                0x10007504       0x59 CMakeFiles/my_DE2_Project.dir/D_/Rasberry_pi_pico/pico-sdk/src/rp2_common/hardware_clocks/clocks.c.obj
 *fill*         0x1000755d        0x3 
 .rodata.__func__.1
                0x10007560       0x10 CMakeFiles/my_DE2_Project.dir/D_/Rasberry_pi_pico/pico-sdk/src/rp2_common/hardware_clocks/clocks.c.obj
 .rodata.pll_init.str1.4
                0x10007570      0x124 CMakeFiles/my_DE2_Project.dir/D_/Rasberry_pi_pico/pico-sdk/src/rp2_common/hardware_pll/pll.c.obj
 .rodata.__func__.0
                0x10007694        0x9 CMakeFiles/my_DE2_Project.dir/D_/Rasberry_pi_pico/pico-sdk/src/rp2_common/hardware_pll/pll.c.obj
 *fill*         0x1000769d        0x3 
 .rodata.__assert_func.str1.4
                0x100076a0       0x3f CMakeFiles/my_DE2_Project.dir/D_/Rasberry_pi_pico/pico-sdk/src/rp2_common/pico_runtime/runtime.c.obj
                                 0x43 (size before relaxing)
 *fill*         0x100076df        0x1 
 .rodata.runtime_init.str1.4
                0x100076e0       0x63 CMakeFiles/my_DE2_Project.dir/D_/Rasberry_pi_pico/pico-sdk/src/rp2_common/pico_runtime/runtime.c.obj
 *fill*         0x10007743        0x1 
 .rodata.panic.str1.4
                0x10007744       0x12 CMakeFiles/my_DE2_Project.dir/D_/Rasberry_pi_pico/pico-sdk/src/rp2_common/pico_runtime/runtime.c.obj
 *fill*         0x10007756        0x2 
 .rodata.__func__.2
                0x10007758        0xd CMakeFiles/my_DE2_Project.dir/D_/Rasberry_pi_pico/pico-sdk/src/rp2_common/pico_runtime/runtime.c.obj
 *fill*         0x10007765        0x3 
 .rodata._ftoa.str1.4
                0x10007768       0x15 CMakeFiles/my_DE2_Project.dir/D_/Rasberry_pi_pico/pico-sdk/src/rp2_common/pico_printf/printf.c.obj
 *fill*         0x1000777d        0x3 
 .rodata._vsnprintf
                0x10007780      0x1e0 CMakeFiles/my_DE2_Project.dir/D_/Rasberry_pi_pico/pico-sdk/src/rp2_common/pico_printf/printf.c.obj
 .rodata.pow10.0
                0x10007960       0x50 CMakeFiles/my_DE2_Project.dir/D_/Rasberry_pi_pico/pico-sdk/src/rp2_common/pico_printf/printf.c.obj
 .rodata.__aeabi_double_init.str1.4
                0x100079b0       0x9e CMakeFiles/my_DE2_Project.dir/D_/Rasberry_pi_pico/pico-sdk/src/rp2_common/pico_double/double_init_rom.c.obj
 *fill*         0x10007a4e        0x2 
 .rodata.__func__.0
                0x10007a50       0x14 CMakeFiles/my_DE2_Project.dir/D_/Rasberry_pi_pico/pico-sdk/src/rp2_common/pico_double/double_init_rom.c.obj
 .rodata.__aeabi_float_init.str1.4
                0x10007a64       0x7c CMakeFiles/my_DE2_Project.dir/D_/Rasberry_pi_pico/pico-sdk/src/rp2_common/pico_float/float_init_rom.c.obj
                                 0x80 (size before relaxing)
 .rodata.__func__.0
                0x10007ae0       0x13 CMakeFiles/my_DE2_Project.dir/D_/Rasberry_pi_pico/pico-sdk/src/rp2_common/pico_float/float_init_rom.c.obj
 *fill*         0x10007af3        0x1 
 .rodata.str1.4
                0x10007af4       0x44 CMakeFiles/my_DE2_Project.dir/D_/Rasberry_pi_pico/pico-sdk/src/rp2_common/pico_standard_link/binary_info.c.obj
 .rodata.__bi_44
                0x10007b38        0xc CMakeFiles/my_DE2_Project.dir/D_/Rasberry_pi_pico/pico-sdk/src/rp2_common/pico_standard_link/binary_info.c.obj
 .rodata.__bi_75
                0x10007b44        0xc CMakeFiles/my_DE2_Project.dir/D_/Rasberry_pi_pico/pico-sdk/src/rp2_common/pico_standard_link/binary_info.c.obj
 .rodata.__bi_81
                0x10007b50        0xc CMakeFiles/my_DE2_Project.dir/D_/Rasberry_pi_pico/pico-sdk/src/rp2_common/pico_standard_link/binary_info.c.obj
 .rodata.stdout_serialize_begin.str1.4
                0x10007b5c       0x63 CMakeFiles/my_DE2_Project.dir/D_/Rasberry_pi_pico/pico-sdk/src/rp2_common/pico_stdio/stdio.c.obj
 .rodata.__func__.3
                0x10007b5c       0x15 CMakeFiles/my_DE2_Project.dir/D_/Rasberry_pi_pico/pico-sdk/src/rp2_common/pico_stdio/stdio.c.obj
 *fill*         0x10007b71        0x3 
 .rodata.crlf_str.2
                0x10007b74        0x2 CMakeFiles/my_DE2_Project.dir/D_/Rasberry_pi_pico/pico-sdk/src/rp2_common/pico_stdio/stdio.c.obj
 *fill*         0x10007b76        0x2 
 .rodata._resetd_driver
                0x10007b78       0x18 CMakeFiles/my_DE2_Project.dir/D_/Rasberry_pi_pico/pico-sdk/src/rp2_common/pico_stdio_usb/reset_interface.c.obj
 .rodata.low_priority_worker_irq.str1.4
                0x10007b90       0x63 CMakeFiles/my_DE2_Project.dir/D_/Rasberry_pi_pico/pico-sdk/src/rp2_common/pico_stdio_usb/stdio_usb.c.obj
 .rodata.stdio_usb_init.str1.4
                0x10007b90       0x47 CMakeFiles/my_DE2_Project.dir/D_/Rasberry_pi_pico/pico-sdk/src/rp2_common/pico_stdio_usb/stdio_usb.c.obj
                                 0x4f (size before relaxing)
 *fill*         0x10007bd7        0x1 
 .rodata.str1.4
                0x10007bd8       0x13 CMakeFiles/my_DE2_Project.dir/D_/Rasberry_pi_pico/pico-sdk/src/rp2_common/pico_stdio_usb/stdio_usb.c.obj
 *fill*         0x10007beb        0x1 
 .rodata.__bi_182.0
                0x10007bec        0xc CMakeFiles/my_DE2_Project.dir/D_/Rasberry_pi_pico/pico-sdk/src/rp2_common/pico_stdio_usb/stdio_usb.c.obj
 .rodata.__func__.1
                0x10007bf8        0xf CMakeFiles/my_DE2_Project.dir/D_/Rasberry_pi_pico/pico-sdk/src/rp2_common/pico_stdio_usb/stdio_usb.c.obj
 *fill*         0x10007c07        0x1 
 .rodata.__func__.3
                0x10007c08       0x15 CMakeFiles/my_DE2_Project.dir/D_/Rasberry_pi_pico/pico-sdk/src/rp2_common/pico_stdio_usb/stdio_usb.c.obj
 *fill*         0x10007c1d        0x3 
 .rodata.str1.4
                0x10007c20       0x2a CMakeFiles/my_DE2_Project.dir/D_/Rasberry_pi_pico/pico-sdk/src/rp2_common/pico_stdio_usb/stdio_usb_descriptors.c.obj
 *fill*         0x10007c4a        0x2 
 .rodata.usbd_desc_cfg
                0x10007c4c       0x54 CMakeFiles/my_DE2_Project.dir/D_/Rasberry_pi_pico/pico-sdk/src/rp2_common/pico_stdio_usb/stdio_usb_descriptors.c.obj
 .rodata.usbd_desc_device
                0x10007ca0       0x12 CMakeFiles/my_DE2_Project.dir/D_/Rasberry_pi_pico/pico-sdk/src/rp2_common/pico_stdio_usb/stdio_usb_descriptors.c.obj
 *fill*         0x10007cb2        0x2 
 .rodata.usbd_desc_str
                0x10007cb4       0x18 CMakeFiles/my_DE2_Project.dir/D_/Rasberry_pi_pico/pico-sdk/src/rp2_common/pico_stdio_usb/stdio_usb_descriptors.c.obj
 .rodata.pico_get_unique_board_id_string.str1.4
                0x10007ccc       0x4f CMakeFiles/my_DE2_Project.dir/D_/Rasberry_pi_pico/pico-sdk/src/rp2_common/pico_unique_id/unique_id.c.obj
 *fill*         0x10007d1b        0x1 
 .rodata.__func__.0
                0x10007d1c       0x20 CMakeFiles/my_DE2_Project.dir/D_/Rasberry_pi_pico/pico-sdk/src/rp2_common/pico_unique_id/unique_id.c.obj
 .rodata.str1.4
                0x10007d3c      0x15a CMakeFiles/my_DE2_Project.dir/D_/Rasberry_pi_pico/pico-sdk/src/rp2_common/hardware_flash/flash.c.obj
 *fill*         0x10007e96        0x2 
 .rodata.__func__.0
                0x10007e98        0xd CMakeFiles/my_DE2_Project.dir/D_/Rasberry_pi_pico/pico-sdk/src/rp2_common/hardware_flash/flash.c.obj
 *fill*         0x10007ea5        0x3 
 .rodata._hw_endpoint_alloc.str1.4
                0x10007ea8       0xb9 CMakeFiles/my_DE2_Project.dir/D_/Rasberry_pi_pico/pico-sdk/lib/tinyusb/src/portable/raspberrypi/rp2040/dcd_rp2040.c.obj
 *fill*         0x10007f61        0x3 
 .rodata.str1.4
                0x10007f64       0x14 CMakeFiles/my_DE2_Project.dir/D_/Rasberry_pi_pico/pico-sdk/lib/tinyusb/src/portable/raspberrypi/rp2040/dcd_rp2040.c.obj
 .rodata.dcd_int_enable.str1.4
                0x10007f78        0xc CMakeFiles/my_DE2_Project.dir/D_/Rasberry_pi_pico/pico-sdk/lib/tinyusb/src/portable/raspberrypi/rp2040/dcd_rp2040.c.obj
 .rodata.__func__.0
                0x10007f84        0xe CMakeFiles/my_DE2_Project.dir/D_/Rasberry_pi_pico/pico-sdk/lib/tinyusb/src/portable/raspberrypi/rp2040/dcd_rp2040.c.obj
 *fill*         0x10007f92        0x2 
 .rodata.__func__.1
                0x10007f94        0xe CMakeFiles/my_DE2_Project.dir/D_/Rasberry_pi_pico/pico-sdk/lib/tinyusb/src/portable/raspberrypi/rp2040/dcd_rp2040.c.obj
 *fill*         0x10007fa2        0x2 
 .rodata.__func__.3
                0x10007fa4       0x10 CMakeFiles/my_DE2_Project.dir/D_/Rasberry_pi_pico/pico-sdk/lib/tinyusb/src/portable/raspberrypi/rp2040/dcd_rp2040.c.obj
 .rodata.__func__.5
                0x10007fb4        0xf CMakeFiles/my_DE2_Project.dir/D_/Rasberry_pi_pico/pico-sdk/lib/tinyusb/src/portable/raspberrypi/rp2040/dcd_rp2040.c.obj
 *fill*         0x10007fc3        0x1 
 .rodata.__func__.6
                0x10007fc4       0x13 CMakeFiles/my_DE2_Project.dir/D_/Rasberry_pi_pico/pico-sdk/lib/tinyusb/src/portable/raspberrypi/rp2040/dcd_rp2040.c.obj
 *fill*         0x10007fd7        0x1 
 .rodata.__func__.7
                0x10007fd8        0x9 CMakeFiles/my_DE2_Project.dir/D_/Rasberry_pi_pico/pico-sdk/lib/tinyusb/src/portable/raspberrypi/rp2040/dcd_rp2040.c.obj
 *fill*         0x10007fe1        0x3 
 .rodata.str1.4
                0x10007fe4       0xeb CMakeFiles/my_DE2_Project.dir/D_/Rasberry_pi_pico/pico-sdk/lib/tinyusb/src/portable/raspberrypi/rp2040/rp2040_usb.c.obj
 *fill*         0x100080cf        0x1 
 .rodata.__func__.0
                0x100080d0        0xf CMakeFiles/my_DE2_Project.dir/D_/Rasberry_pi_pico/pico-sdk/lib/tinyusb/src/portable/raspberrypi/rp2040/rp2040_usb.c.obj
 *fill*         0x100080df        0x1 
 .rodata.process_get_descriptor
                0x100080e0       0x40 CMakeFiles/my_DE2_Project.dir/D_/Rasberry_pi_pico/pico-sdk/lib/tinyusb/src/device/usbd.c.obj
 .rodata.process_control_request
                0x10008120       0x28 CMakeFiles/my_DE2_Project.dir/D_/Rasberry_pi_pico/pico-sdk/lib/tinyusb/src/device/usbd.c.obj
 .rodata.tud_task_ext
                0x10008148       0x24 CMakeFiles/my_DE2_Project.dir/D_/Rasberry_pi_pico/pico-sdk/lib/tinyusb/src/device/usbd.c.obj
 .rodata._usbd_driver
                0x1000816c       0x18 CMakeFiles/my_DE2_Project.dir/D_/Rasberry_pi_pico/pico-sdk/lib/tinyusb/src/device/usbd.c.obj
                0x10008184                . = ALIGN (0x4)
 *(SORT_BY_ALIGNMENT(SORT_BY_NAME(.flashdata*)))
                0x10008184                . = ALIGN (0x4)

.ARM.extab
 *(.ARM.extab* .gnu.linkonce.armextab.*)
                0x10008184                __exidx_start = .

.ARM.exidx
 *(.ARM.exidx* .gnu.linkonce.armexidx.*)
                0x10008184                __exidx_end = .
                0x10008184                . = ALIGN (0x4)
                0x10008184                __binary_info_start = .

.binary_info    0x10008184       0x20
 *(.binary_info.keep.*)
 .binary_info.keep.__bi_ptr22
                0x10008184        0x4 CMakeFiles/my_DE2_Project.dir/D_/Rasberry_pi_pico/pico-sdk/src/rp2_common/pico_standard_link/binary_info.c.obj
 .binary_info.keep.__bi_ptr30
                0x10008188        0x4 CMakeFiles/my_DE2_Project.dir/D_/Rasberry_pi_pico/pico-sdk/src/rp2_common/pico_standard_link/binary_info.c.obj
 .binary_info.keep.__bi_ptr38
                0x1000818c        0x4 CMakeFiles/my_DE2_Project.dir/D_/Rasberry_pi_pico/pico-sdk/src/rp2_common/pico_standard_link/binary_info.c.obj
 .binary_info.keep.__bi_ptr44
                0x10008190        0x4 CMakeFiles/my_DE2_Project.dir/D_/Rasberry_pi_pico/pico-sdk/src/rp2_common/pico_standard_link/binary_info.c.obj
 .binary_info.keep.__bi_ptr50
                0x10008194        0x4 CMakeFiles/my_DE2_Project.dir/D_/Rasberry_pi_pico/pico-sdk/src/rp2_common/pico_standard_link/binary_info.c.obj
 .binary_info.keep.__bi_ptr75
                0x10008198        0x4 CMakeFiles/my_DE2_Project.dir/D_/Rasberry_pi_pico/pico-sdk/src/rp2_common/pico_standard_link/binary_info.c.obj
 .binary_info.keep.__bi_ptr81
                0x1000819c        0x4 CMakeFiles/my_DE2_Project.dir/D_/Rasberry_pi_pico/pico-sdk/src/rp2_common/pico_standard_link/binary_info.c.obj
 *(.binary_info.*)
 .binary_info.__bi_ptr182
                0x100081a0        0x4 CMakeFiles/my_DE2_Project.dir/D_/Rasberry_pi_pico/pico-sdk/src/rp2_common/pico_stdio_usb/stdio_usb.c.obj
                0x100081a4                __binary_info_end = .

.rel.dyn        0x100081a4        0x0
 .rel.iplt      0x100081a4        0x0 d:/rasberry pi pico/gcc-arm-none-eabi/bin/../lib/gcc/arm-none-eabi/10.3.1/thumb/v6-m/nofp/crtbegin.o
                0x100081a4                . = ALIGN (0x4)

.ram_vector_table
                0x20000000       0xc0
 *(.ram_vector_table)
 .ram_vector_table
                0x20000000       0xc0 CMakeFiles/my_DE2_Project.dir/D_/Rasberry_pi_pico/pico-sdk/src/rp2_common/pico_runtime/runtime.c.obj
                0x20000000                ram_vector_table

.data           0x200000c0      0xbf0 load address 0x100081a4
                0x200000c0                __data_start__ = .
 *(vtable)
 *(.time_critical*)
 .time_critical.mutex_try_enter
                0x200000c0       0x46 CMakeFiles/my_DE2_Project.dir/D_/Rasberry_pi_pico/pico-sdk/src/common/pico_sync/mutex.c.obj
                0x200000c0                mutex_try_enter
 *fill*         0x20000106        0x2 
 .time_critical.mutex_enter_block_until
                0x20000108       0x8c CMakeFiles/my_DE2_Project.dir/D_/Rasberry_pi_pico/pico-sdk/src/common/pico_sync/mutex.c.obj
                0x20000108                mutex_enter_block_until
 .time_critical.mutex_try_enter_block_until
                0x20000194       0x34 CMakeFiles/my_DE2_Project.dir/D_/Rasberry_pi_pico/pico-sdk/src/common/pico_sync/mutex.c.obj
                0x20000194                mutex_try_enter_block_until
 .time_critical.mutex_enter_timeout_ms
                0x200001c8       0x68 CMakeFiles/my_DE2_Project.dir/D_/Rasberry_pi_pico/pico-sdk/src/common/pico_sync/mutex.c.obj
                0x200001c8                mutex_enter_timeout_ms
 .time_critical.mutex_exit
                0x20000230       0x4c CMakeFiles/my_DE2_Project.dir/D_/Rasberry_pi_pico/pico-sdk/src/common/pico_sync/mutex.c.obj
                0x20000230                mutex_exit
 .time_critical.flash_init_boot2_copyout
                0x2000027c       0x30 CMakeFiles/my_DE2_Project.dir/D_/Rasberry_pi_pico/pico-sdk/src/rp2_common/hardware_flash/flash.c.obj
 .time_critical.flash_enable_xip_via_boot2
                0x200002ac       0x10 CMakeFiles/my_DE2_Project.dir/D_/Rasberry_pi_pico/pico-sdk/src/rp2_common/hardware_flash/flash.c.obj
 .time_critical.flash_cs_force
                0x200002bc       0x28 CMakeFiles/my_DE2_Project.dir/D_/Rasberry_pi_pico/pico-sdk/src/rp2_common/hardware_flash/flash.c.obj
 .time_critical.flash_do_cmd
                0x200002e4       0xd8 CMakeFiles/my_DE2_Project.dir/D_/Rasberry_pi_pico/pico-sdk/src/rp2_common/hardware_flash/flash.c.obj
                0x200002e4                flash_do_cmd
 .time_critical.reset_non_control_endpoints
                0x200003bc       0x40 CMakeFiles/my_DE2_Project.dir/D_/Rasberry_pi_pico/pico-sdk/lib/tinyusb/src/portable/raspberrypi/rp2040/dcd_rp2040.c.obj
 .time_critical.hw_handle_buff_status
                0x200003fc       0xa4 CMakeFiles/my_DE2_Project.dir/D_/Rasberry_pi_pico/pico-sdk/lib/tinyusb/src/portable/raspberrypi/rp2040/dcd_rp2040.c.obj
 .time_critical.dcd_rp2040_irq
                0x200004a0      0x1cc CMakeFiles/my_DE2_Project.dir/D_/Rasberry_pi_pico/pico-sdk/lib/tinyusb/src/portable/raspberrypi/rp2040/dcd_rp2040.c.obj
 .time_critical.e15_is_bulkin_ep
                0x2000066c       0x2c CMakeFiles/my_DE2_Project.dir/D_/Rasberry_pi_pico/pico-sdk/lib/tinyusb/src/portable/raspberrypi/rp2040/rp2040_usb.c.obj
 .time_critical.e15_is_critical_frame_period
                0x20000698       0x30 CMakeFiles/my_DE2_Project.dir/D_/Rasberry_pi_pico/pico-sdk/lib/tinyusb/src/portable/raspberrypi/rp2040/rp2040_usb.c.obj
 .time_critical.prepare_ep_buffer
                0x200006c8       0x70 CMakeFiles/my_DE2_Project.dir/D_/Rasberry_pi_pico/pico-sdk/lib/tinyusb/src/portable/raspberrypi/rp2040/rp2040_usb.c.obj
 .time_critical.sync_ep_buffer
                0x20000738       0x80 CMakeFiles/my_DE2_Project.dir/D_/Rasberry_pi_pico/pico-sdk/lib/tinyusb/src/portable/raspberrypi/rp2040/rp2040_usb.c.obj
 .time_critical._hw_endpoint_xfer_sync
                0x200007b8       0x28 CMakeFiles/my_DE2_Project.dir/D_/Rasberry_pi_pico/pico-sdk/lib/tinyusb/src/portable/raspberrypi/rp2040/rp2040_usb.c.obj
 .time_critical.hw_endpoint_reset_transfer
                0x200007e0        0xc CMakeFiles/my_DE2_Project.dir/D_/Rasberry_pi_pico/pico-sdk/lib/tinyusb/src/portable/raspberrypi/rp2040/rp2040_usb.c.obj
                0x200007e0                hw_endpoint_reset_transfer
 .time_critical._hw_endpoint_buffer_control_update32
                0x200007ec       0x58 CMakeFiles/my_DE2_Project.dir/D_/Rasberry_pi_pico/pico-sdk/lib/tinyusb/src/portable/raspberrypi/rp2040/rp2040_usb.c.obj
                0x200007ec                _hw_endpoint_buffer_control_update32
 .time_critical.hw_endpoint_start_next_buffer
                0x20000844       0x88 CMakeFiles/my_DE2_Project.dir/D_/Rasberry_pi_pico/pico-sdk/lib/tinyusb/src/portable/raspberrypi/rp2040/rp2040_usb.c.obj
                0x20000844                hw_endpoint_start_next_buffer
 .time_critical.hw_endpoint_xfer_continue
                0x200008cc       0x50 CMakeFiles/my_DE2_Project.dir/D_/Rasberry_pi_pico/pico-sdk/lib/tinyusb/src/portable/raspberrypi/rp2040/rp2040_usb.c.obj
                0x200008cc                hw_endpoint_xfer_continue
 .time_critical.tinyusb
                0x2000091c      0x200 CMakeFiles/my_DE2_Project.dir/D_/Rasberry_pi_pico/pico-sdk/lib/tinyusb/src/device/usbd.c.obj
                0x2000091c                dcd_event_handler
 *(.text*)
 .text          0x20000b1c        0x4 d:/rasberry pi pico/gcc-arm-none-eabi/bin/../lib/gcc/arm-none-eabi/10.3.1/thumb/v6-m/nofp\libgcc.a(_dvmd_tls.o)
                0x20000b1c                __aeabi_idiv0
                0x20000b1c                __aeabi_ldiv0
 .text.__stub   0x20000b20       0x90 linker stubs
                0x20000bb0                . = ALIGN (0x4)
 *(.rodata*)
                0x20000bb0                . = ALIGN (0x4)
 *(.data*)
 .data.striped_spin_lock_num
                0x20000bb0        0x1 CMakeFiles/my_DE2_Project.dir/D_/Rasberry_pi_pico/pico-sdk/src/rp2_common/hardware_sync/sync.c.obj
 *fill*         0x20000bb1        0x3 
 .data          0x20000bb4       0x48 CMakeFiles/my_DE2_Project.dir/D_/Rasberry_pi_pico/pico-sdk/src/rp2_common/hardware_irq/irq_handler_chain.S.obj
                0x20000bb4                irq_handler_chain_slots
                0x20000be4                irq_handler_chain_first_slot
                0x20000bee                irq_handler_chain_remove_tail
 .data.default_alarm_pool
                0x20000bfc       0x18 CMakeFiles/my_DE2_Project.dir/D_/Rasberry_pi_pico/pico-sdk/src/common/pico_time/time.c.obj
 .data.default_alarm_pool_heap
                0x20000c14       0x10 CMakeFiles/my_DE2_Project.dir/D_/Rasberry_pi_pico/pico-sdk/src/common/pico_time/time.c.obj
 *fill*         0x20000c24        0xc 
 .data.aeabi_bits_funcs
                0x20000c30       0x10 CMakeFiles/my_DE2_Project.dir/D_/Rasberry_pi_pico/pico-sdk/src/rp2_common/pico_bit_ops/bit_ops_aeabi.S.obj
                0x20000c30                aeabi_bits_funcs
                0x20000c40                aeabi_bits_funcs_end
 .data.aeabi_mem_funcs
                0x20000c40       0x10 CMakeFiles/my_DE2_Project.dir/D_/Rasberry_pi_pico/pico-sdk/src/rp2_common/pico_mem_ops/mem_ops_aeabi.S.obj
                0x20000c40                aeabi_mem_funcs
                0x20000c50                aeabi_mem_funcs_end
 .data.stdio_usb
                0x20000c50       0x18 CMakeFiles/my_DE2_Project.dir/D_/Rasberry_pi_pico/pico-sdk/src/rp2_common/pico_stdio_usb/stdio_usb.c.obj
                0x20000c50                stdio_usb
 .data.ep_dir_string
                0x20000c68        0x8 CMakeFiles/my_DE2_Project.dir/D_/Rasberry_pi_pico/pico-sdk/lib/tinyusb/src/portable/raspberrypi/rp2040/rp2040_usb.c.obj
                0x20000c68                ep_dir_string
 .data._usbd_qdef
                0x20000c70       0x1c CMakeFiles/my_DE2_Project.dir/D_/Rasberry_pi_pico/pico-sdk/lib/tinyusb/src/device/usbd.c.obj
                0x20000c70                _usbd_qdef
 .data._usbd_rhport
                0x20000c8c        0x1 CMakeFiles/my_DE2_Project.dir/D_/Rasberry_pi_pico/pico-sdk/lib/tinyusb/src/device/usbd.c.obj
                0x20000c90                . = ALIGN (0x4)
 *fill*         0x20000c8d        0x3 
 *(.after_data.*)
                0x20000c90                . = ALIGN (0x4)
                0x20000c90                PROVIDE (__mutex_array_start = .)
 *(SORT_BY_NAME(.mutex_array.*))
 *(.mutex_array)
 .mutex_array   0x20000c90        0x8 CMakeFiles/my_DE2_Project.dir/D_/Rasberry_pi_pico/pico-sdk/src/rp2_common/pico_stdio/stdio.c.obj
                0x20000c98                PROVIDE (__mutex_array_end = .)
                0x20000c98                . = ALIGN (0x4)
                0x20000c98                PROVIDE (__preinit_array_start = .)
 *(SORT_BY_NAME(.preinit_array.*))
 .preinit_array.00001
                0x20000c98        0x4 CMakeFiles/my_DE2_Project.dir/D_/Rasberry_pi_pico/pico-sdk/src/rp2_common/pico_mem_ops/mem_ops_aeabi.S.obj
 .preinit_array.00010
                0x20000c9c        0x4 CMakeFiles/my_DE2_Project.dir/D_/Rasberry_pi_pico/pico-sdk/src/rp2_common/pico_bit_ops/bit_ops_aeabi.S.obj
 .preinit_array.00020
                0x20000ca0        0x4 CMakeFiles/my_DE2_Project.dir/D_/Rasberry_pi_pico/pico-sdk/src/rp2_common/pico_double/double_aeabi.S.obj
 .preinit_array.00020
                0x20000ca4        0x4 CMakeFiles/my_DE2_Project.dir/D_/Rasberry_pi_pico/pico-sdk/src/rp2_common/pico_float/float_aeabi.S.obj
 *(.preinit_array)
                0x20000ca8                PROVIDE (__preinit_array_end = .)
                0x20000ca8                . = ALIGN (0x4)
                0x20000ca8                PROVIDE (__init_array_start = .)
 *(SORT_BY_NAME(.init_array.*))
 *(.init_array)
 .init_array    0x20000ca8        0x4 d:/rasberry pi pico/gcc-arm-none-eabi/bin/../lib/gcc/arm-none-eabi/10.3.1/thumb/v6-m/nofp/crtbegin.o
 .init_array    0x20000cac        0x4 CMakeFiles/my_DE2_Project.dir/D_/Rasberry_pi_pico/pico-sdk/src/rp2_common/pico_unique_id/unique_id.c.obj
                0x20000cb0                PROVIDE (__init_array_end = .)
                0x20000cb0                . = ALIGN (0x4)
                [!provide]                PROVIDE (__fini_array_start = .)
 *(SORT_BY_NAME(.fini_array.*))
 *(.fini_array)
                [!provide]                PROVIDE (__fini_array_end = .)
 *(.jcr)
                0x20000cb0                . = ALIGN (0x4)
                0x20000cb0                __data_end__ = .
                0x100081a4                __etext = LOADADDR (.data)

.igot.plt       0x20000cb0        0x0 load address 0x10008d94
 .igot.plt      0x20000cb0        0x0 d:/rasberry pi pico/gcc-arm-none-eabi/bin/../lib/gcc/arm-none-eabi/10.3.1/thumb/v6-m/nofp/crtbegin.o

.uninitialized_data
                0x20000cb0        0x0 load address 0x10008d94
                0x20000cb0                . = ALIGN (0x4)
 *(.uninitialized_data*)

.scratch_x      0x20040000        0x0 load address 0x10008d94
                0x20040000                __scratch_x_start__ = .
 *(.scratch_x.*)
                0x20040000                . = ALIGN (0x4)
                0x20040000                __scratch_x_end__ = .
                0x10008d94                __scratch_x_source__ = LOADADDR (.scratch_x)

.scratch_y      0x20041000        0x0 load address 0x10008d94
                0x20041000                __scratch_y_start__ = .
 *(.scratch_y.*)
                0x20041000                . = ALIGN (0x4)
                0x20041000                __scratch_y_end__ = .
                0x10008d94                __scratch_y_source__ = LOADADDR (.scratch_y)

.bss            0x20000cb0      0xd84
                0x20000cb0                . = ALIGN (0x4)
                0x20000cb0                __bss_start__ = .
 *(SORT_BY_ALIGNMENT(SORT_BY_NAME(.bss*)))
 .bss.default_alarm_pool_entries
                0x20000cb0      0x100 CMakeFiles/my_DE2_Project.dir/D_/Rasberry_pi_pico/pico-sdk/src/common/pico_time/time.c.obj
 .bss.last_avail_time.2
                0x20000db0        0x8 CMakeFiles/my_DE2_Project.dir/D_/Rasberry_pi_pico/pico-sdk/src/rp2_common/pico_stdio_usb/stdio_usb.c.obj
 .bss           0x20000db8       0x1c d:/rasberry pi pico/gcc-arm-none-eabi/bin/../lib/gcc/arm-none-eabi/10.3.1/thumb/v6-m/nofp/crtbegin.o
 .bss._app_driver
                0x20000dd4        0x4 CMakeFiles/my_DE2_Project.dir/D_/Rasberry_pi_pico/pico-sdk/lib/tinyusb/src/device/usbd.c.obj
 .bss._cdcd_itf
                0x20000dd8      0x2c8 CMakeFiles/my_DE2_Project.dir/D_/Rasberry_pi_pico/pico-sdk/lib/tinyusb/src/class/cdc/cdc_device.c.obj
 .bss._ctrl_xfer
                0x200010a0       0x14 CMakeFiles/my_DE2_Project.dir/D_/Rasberry_pi_pico/pico-sdk/lib/tinyusb/src/device/usbd_control.c.obj
 .bss._ubsd_mutexdef
                0x200010b4        0x8 CMakeFiles/my_DE2_Project.dir/D_/Rasberry_pi_pico/pico-sdk/lib/tinyusb/src/device/usbd.c.obj
 .bss._usbd_ctrl_buf
                0x200010bc       0x40 CMakeFiles/my_DE2_Project.dir/D_/Rasberry_pi_pico/pico-sdk/lib/tinyusb/src/device/usbd_control.c.obj
 .bss._usbd_dev
                0x200010fc       0x53 CMakeFiles/my_DE2_Project.dir/D_/Rasberry_pi_pico/pico-sdk/lib/tinyusb/src/device/usbd.c.obj
 *fill*         0x2000114f        0x1 
 .bss._usbd_mutex
                0x20001150        0x4 CMakeFiles/my_DE2_Project.dir/D_/Rasberry_pi_pico/pico-sdk/lib/tinyusb/src/device/usbd.c.obj
 .bss._usbd_q   0x20001154        0x4 CMakeFiles/my_DE2_Project.dir/D_/Rasberry_pi_pico/pico-sdk/lib/tinyusb/src/device/usbd.c.obj
 .bss._usbd_qdef_buf
                0x20001158       0xc0 CMakeFiles/my_DE2_Project.dir/D_/Rasberry_pi_pico/pico-sdk/lib/tinyusb/src/device/usbd.c.obj
                0x20001158                _usbd_qdef_buf
 .bss.alarm_callbacks
                0x20001218       0x10 CMakeFiles/my_DE2_Project.dir/D_/Rasberry_pi_pico/pico-sdk/src/rp2_common/hardware_timer/timer.c.obj
 .bss.boot2_copyout
                0x20001228      0x100 CMakeFiles/my_DE2_Project.dir/D_/Rasberry_pi_pico/pico-sdk/src/rp2_common/hardware_flash/flash.c.obj
 .bss.chars_available_callback
                0x20001328        0x4 CMakeFiles/my_DE2_Project.dir/D_/Rasberry_pi_pico/pico-sdk/src/rp2_common/pico_stdio_usb/stdio_usb.c.obj
 .bss.chars_available_param
                0x2000132c        0x4 CMakeFiles/my_DE2_Project.dir/D_/Rasberry_pi_pico/pico-sdk/src/rp2_common/pico_stdio_usb/stdio_usb.c.obj
 .bss.claimed   0x20001330        0x4 CMakeFiles/my_DE2_Project.dir/D_/Rasberry_pi_pico/pico-sdk/src/rp2_common/hardware_sync/sync.c.obj
 .bss.configured_freq
                0x20001334       0x28 CMakeFiles/my_DE2_Project.dir/D_/Rasberry_pi_pico/pico-sdk/src/rp2_common/hardware_clocks/clocks.c.obj
 .bss.default_alarm_pool_entry_ids_high
                0x2000135c       0x10 CMakeFiles/my_DE2_Project.dir/D_/Rasberry_pi_pico/pico-sdk/src/common/pico_time/time.c.obj
 .bss.default_alarm_pool_heap_nodes
                0x2000136c       0x30 CMakeFiles/my_DE2_Project.dir/D_/Rasberry_pi_pico/pico-sdk/src/common/pico_time/time.c.obj
 .bss.desc_str.0
                0x2000139c       0x28 CMakeFiles/my_DE2_Project.dir/D_/Rasberry_pi_pico/pico-sdk/src/rp2_common/pico_stdio_usb/stdio_usb_descriptors.c.obj
 .bss.drivers   0x200013c4        0x4 CMakeFiles/my_DE2_Project.dir/D_/Rasberry_pi_pico/pico-sdk/src/rp2_common/pico_stdio/stdio.c.obj
 .bss.e15_last_sof
                0x200013c8        0x4 CMakeFiles/my_DE2_Project.dir/D_/Rasberry_pi_pico/pico-sdk/lib/tinyusb/src/portable/raspberrypi/rp2040/rp2040_usb.c.obj
                0x200013c8                e15_last_sof
 .bss.filter    0x200013cc        0x4 CMakeFiles/my_DE2_Project.dir/D_/Rasberry_pi_pico/pico-sdk/src/rp2_common/pico_stdio/stdio.c.obj
 .bss.hw_endpoints
                0x200013d0      0x400 CMakeFiles/my_DE2_Project.dir/D_/Rasberry_pi_pico/pico-sdk/lib/tinyusb/src/portable/raspberrypi/rp2040/dcd_rp2040.c.obj
 .bss.load_value
                0x200017d0        0x4 CMakeFiles/my_DE2_Project.dir/D_/Rasberry_pi_pico/pico-sdk/src/rp2_common/hardware_watchdog/watchdog.c.obj
 .bss.next_buffer_ptr
                0x200017d4        0x4 CMakeFiles/my_DE2_Project.dir/D_/Rasberry_pi_pico/pico-sdk/lib/tinyusb/src/portable/raspberrypi/rp2040/dcd_rp2040.c.obj
 .bss.one_shot_timer_crit_sec
                0x200017d8        0x8 CMakeFiles/my_DE2_Project.dir/D_/Rasberry_pi_pico/pico-sdk/src/rp2_common/pico_stdio_usb/stdio_usb.c.obj